Java HotSpot(TM) 64-Bit Server VM (25.121-b13) for bsd-amd64 JRE (1.8.0_121-b13), built on Dec 12 2016 20:39:32 by "java_re" with gcc 4.2.1 (Based on Apple Inc. build 5658) (LLVM build 2336.11.00)
Memory: 4k page, physical 8388608k(239072k free)

/proc/meminfo:

CommandLine flags: -XX:CMSInitiatingOccupancyFraction=50 -XX:CMSMaxAbortablePrecleanTime=6000 -XX:+CMSParallelRemarkEnabled -XX:+CMSScavengeBeforeRemark -XX:ConcGCThreads=4 -XX:GCLogFileSize=20971520 -XX:InitialHeapSize=536870912 -XX:MaxHeapSize=536870912 -XX:MaxTenuringThreshold=8 -XX:NewRatio=3 -XX:NumberOfGCLogFiles=9 -XX:OldPLABSize=16 -XX:-OmitStackTraceInFastThrow -XX:OnOutOfMemoryError=/Users/Takeru/Google Drive/授業資料/プログラム/Solr/solr-6.6.6/bin/oom_solr.sh 8983 /Users/Takeru/Google Drive/授業資料/プログラム/Solr/solr-6.6.6/server/logs -XX:ParallelGCThreads=4 -XX:+ParallelRefProcEnabled -XX:PretenureSizeThreshold=67108864 -XX:+PrintGC -XX:+PrintGCApplicationStoppedTime -XX:+PrintGCDateStamps -XX:+PrintGCDetails -XX:+PrintGCTimeStamps -XX:+PrintHeapAtGC -XX:+PrintTenuringDistribution -XX:SurvivorRatio=4 -XX:TargetSurvivorRatio=90 -XX:ThreadStackSize=256 -XX:+UseCMSInitiatingOccupancyOnly -XX:+UseCompressedClassPointers -XX:+UseCompressedOops -XX:+UseConcMarkSweepGC -XX:+UseGCLogFileRotation -XX:+UseParNewGC 
2019-07-28T02:56:51.933-0900: 0.115: Total time for which application threads were stopped: 0.0000652 seconds, Stopping threads took: 0.0000081 seconds
2019-07-28T02:56:52.266-0900: 0.448: Total time for which application threads were stopped: 0.0000959 seconds, Stopping threads took: 0.0000094 seconds
2019-07-28T02:56:52.821-0900: 1.003: Total time for which application threads were stopped: 0.0001573 seconds, Stopping threads took: 0.0000090 seconds
2019-07-28T02:56:52.824-0900: 1.006: Total time for which application threads were stopped: 0.0000979 seconds, Stopping threads took: 0.0000075 seconds
2019-07-28T02:56:52.922-0900: 1.104: Total time for which application threads were stopped: 0.0001831 seconds, Stopping threads took: 0.0000127 seconds
2019-07-28T02:56:52.933-0900: 1.115: Total time for which application threads were stopped: 0.0001608 seconds, Stopping threads took: 0.0000131 seconds
2019-07-28T02:56:53.242-0900: 1.424: Total time for which application threads were stopped: 0.0002738 seconds, Stopping threads took: 0.0000134 seconds
2019-07-28T02:56:53.267-0900: 1.449: Total time for which application threads were stopped: 0.0001768 seconds, Stopping threads took: 0.0000211 seconds
2019-07-28T02:56:53.455-0900: 1.637: Total time for which application threads were stopped: 0.0002177 seconds, Stopping threads took: 0.0000108 seconds
2019-07-28T02:56:53.456-0900: 1.638: Total time for which application threads were stopped: 0.0001577 seconds, Stopping threads took: 0.0000053 seconds
2019-07-28T02:56:53.458-0900: 1.640: Total time for which application threads were stopped: 0.0002169 seconds, Stopping threads took: 0.0000116 seconds
2019-07-28T02:56:53.465-0900: 1.648: Total time for which application threads were stopped: 0.0002094 seconds, Stopping threads took: 0.0000125 seconds
2019-07-28T02:56:53.521-0900: 1.703: Total time for which application threads were stopped: 0.0002197 seconds, Stopping threads took: 0.0000244 seconds
{Heap before GC invocations=0 (full 0):
 par new generation   total 109248K, used 87424K [0x00000007a0000000, 0x00000007a8000000, 0x00000007a8000000)
  eden space 87424K, 100% used [0x00000007a0000000, 0x00000007a5560000, 0x00000007a5560000)
  from space 21824K,   0% used [0x00000007a5560000, 0x00000007a5560000, 0x00000007a6ab0000)
  to   space 21824K,   0% used [0x00000007a6ab0000, 0x00000007a6ab0000, 0x00000007a8000000)
 concurrent mark-sweep generation total 393216K, used 0K [0x00000007a8000000, 0x00000007c0000000, 0x00000007c0000000)
 Metaspace       used 18183K, capacity 18532K, committed 18688K, reserved 1064960K
  class space    used 2102K, capacity 2260K, committed 2304K, reserved 1048576K
2019-07-28T02:56:53.567-0900: 1.749: [GC (Allocation Failure) 2019-07-28T02:56:53.567-0900: 1.749: [ParNew
Desired survivor size 20112992 bytes, new threshold 8 (max 8)
- age   1:   11216112 bytes,   11216112 total
: 87424K->11064K(109248K), 0.0122543 secs] 87424K->11064K(502464K), 0.0123676 secs] [Times: user=0.04 sys=0.01, real=0.01 secs] 
Heap after GC invocations=1 (full 0):
 par new generation   total 109248K, used 11064K [0x00000007a0000000, 0x00000007a8000000, 0x00000007a8000000)
  eden space 87424K,   0% used [0x00000007a0000000, 0x00000007a0000000, 0x00000007a5560000)
  from space 21824K,  50% used [0x00000007a6ab0000, 0x00000007a757e1a8, 0x00000007a8000000)
  to   space 21824K,   0% used [0x00000007a5560000, 0x00000007a5560000, 0x00000007a6ab0000)
 concurrent mark-sweep generation total 393216K, used 0K [0x00000007a8000000, 0x00000007c0000000, 0x00000007c0000000)
 Metaspace       used 18183K, capacity 18532K, committed 18688K, reserved 1064960K
  class space    used 2102K, capacity 2260K, committed 2304K, reserved 1048576K
}
2019-07-28T02:56:53.579-0900: 1.761: Total time for which application threads were stopped: 0.0125230 seconds, Stopping threads took: 0.0000258 seconds
2019-07-28T02:56:53.658-0900: 1.840: Total time for which application threads were stopped: 0.0002999 seconds, Stopping threads took: 0.0000166 seconds
2019-07-28T02:56:54.662-0900: 2.844: Total time for which application threads were stopped: 0.0002187 seconds, Stopping threads took: 0.0000340 seconds
2019-07-28T02:56:55.896-0900: 4.078: Total time for which application threads were stopped: 0.0001764 seconds, Stopping threads took: 0.0000171 seconds
2019-07-28T02:57:03.495-0900: 11.677: Total time for which application threads were stopped: 0.0000654 seconds, Stopping threads took: 0.0000164 seconds
2019-07-28T02:57:03.500-0900: 11.682: Total time for which application threads were stopped: 0.0000605 seconds, Stopping threads took: 0.0000167 seconds
2019-07-28T02:57:03.503-0900: 11.685: Total time for which application threads were stopped: 0.0001052 seconds, Stopping threads took: 0.0000160 seconds
2019-07-28T02:57:03.521-0900: 11.703: Total time for which application threads were stopped: 0.0002753 seconds, Stopping threads took: 0.0000133 seconds
2019-07-28T02:57:03.527-0900: 11.708: Total time for which application threads were stopped: 0.0000720 seconds, Stopping threads took: 0.0000122 seconds
2019-07-28T02:57:03.559-0900: 11.740: Total time for which application threads were stopped: 0.0000557 seconds, Stopping threads took: 0.0000105 seconds
2019-07-28T02:57:03.582-0900: 11.764: Total time for which application threads were stopped: 0.0002556 seconds, Stopping threads took: 0.0000133 seconds
2019-07-28T02:57:03.583-0900: 11.765: Total time for which application threads were stopped: 0.0000647 seconds, Stopping threads took: 0.0000256 seconds
2019-07-28T02:57:03.583-0900: 11.765: Total time for which application threads were stopped: 0.0000572 seconds, Stopping threads took: 0.0000303 seconds
2019-07-28T02:57:03.583-0900: 11.765: Total time for which application threads were stopped: 0.0000518 seconds, Stopping threads took: 0.0000189 seconds
2019-07-28T02:57:03.583-0900: 11.765: Total time for which application threads were stopped: 0.0000472 seconds, Stopping threads took: 0.0000162 seconds
2019-07-28T02:57:03.584-0900: 11.765: Total time for which application threads were stopped: 0.0000413 seconds, Stopping threads took: 0.0000163 seconds
2019-07-28T02:57:03.585-0900: 11.767: [GC (CMS Initial Mark) [1 CMS-initial-mark: 0K(393216K)] 44505K(502464K), 0.0056149 secs] [Times: user=0.01 sys=0.00, real=0.01 secs] 
2019-07-28T02:57:03.590-0900: 11.772: Total time for which application threads were stopped: 0.0057047 seconds, Stopping threads took: 0.0000091 seconds
2019-07-28T02:57:03.591-0900: 11.772: [CMS-concurrent-mark-start]
2019-07-28T02:57:03.591-0900: 11.773: [CMS-concurrent-mark: 0.001/0.001 secs] [Times: user=0.01 sys=0.00, real=0.00 secs] 
2019-07-28T02:57:03.592-0900: 11.773: [CMS-concurrent-preclean-start]
2019-07-28T02:57:03.592-0900: 11.774: [CMS-concurrent-preclean: 0.001/0.001 secs] [Times: user=0.00 sys=0.00, real=0.00 secs] 
2019-07-28T02:57:03.592-0900: 11.774: [CMS-concurrent-abortable-preclean-start]
2019-07-28T02:57:03.635-0900: 11.817: Total time for which application threads were stopped: 0.0001019 seconds, Stopping threads took: 0.0000445 seconds
2019-07-28T02:57:03.637-0900: 11.819: Total time for which application threads were stopped: 0.0001383 seconds, Stopping threads took: 0.0000196 seconds
2019-07-28T02:57:03.637-0900: 11.819: Total time for which application threads were stopped: 0.0001203 seconds, Stopping threads took: 0.0000327 seconds
2019-07-28T02:57:03.637-0900: 11.819: Total time for which application threads were stopped: 0.0000684 seconds, Stopping threads took: 0.0000245 seconds
2019-07-28T02:57:03.638-0900: 11.819: Total time for which application threads were stopped: 0.0001153 seconds, Stopping threads took: 0.0000436 seconds
2019-07-28T02:57:03.680-0900: 11.862: Total time for which application threads were stopped: 0.0000863 seconds, Stopping threads took: 0.0000276 seconds
2019-07-28T02:57:03.682-0900: 11.863: Total time for which application threads were stopped: 0.0000515 seconds, Stopping threads took: 0.0000144 seconds
2019-07-28T02:57:03.683-0900: 11.865: Total time for which application threads were stopped: 0.0000504 seconds, Stopping threads took: 0.0000123 seconds
2019-07-28T02:57:03.683-0900: 11.865: Total time for which application threads were stopped: 0.0000469 seconds, Stopping threads took: 0.0000202 seconds
2019-07-28T02:57:03.684-0900: 11.866: Total time for which application threads were stopped: 0.0000406 seconds, Stopping threads took: 0.0000087 seconds
2019-07-28T02:57:03.685-0900: 11.867: Total time for which application threads were stopped: 0.0000344 seconds, Stopping threads took: 0.0000070 seconds
2019-07-28T02:57:03.686-0900: 11.868: Total time for which application threads were stopped: 0.0000649 seconds, Stopping threads took: 0.0000244 seconds
2019-07-28T02:57:03.686-0900: 11.868: Total time for which application threads were stopped: 0.0000455 seconds, Stopping threads took: 0.0000090 seconds
2019-07-28T02:57:04.248-0900: 12.430: Total time for which application threads were stopped: 0.0000651 seconds, Stopping threads took: 0.0000172 seconds
2019-07-28T02:57:04.248-0900: 12.430: Total time for which application threads were stopped: 0.0000574 seconds, Stopping threads took: 0.0000296 seconds
2019-07-28T02:57:04.268-0900: 12.450: Total time for which application threads were stopped: 0.0000810 seconds, Stopping threads took: 0.0000169 seconds
2019-07-28T02:57:04.269-0900: 12.451: Total time for which application threads were stopped: 0.0003151 seconds, Stopping threads took: 0.0000098 seconds
2019-07-28T02:57:04.343-0900: 12.525: Total time for which application threads were stopped: 0.0001551 seconds, Stopping threads took: 0.0000211 seconds
2019-07-28T02:57:05.345-0900: 13.526: Total time for which application threads were stopped: 0.0000807 seconds, Stopping threads took: 0.0000189 seconds
2019-07-28T02:57:05.970-0900: 14.152: Total time for which application threads were stopped: 0.0000708 seconds, Stopping threads took: 0.0000136 seconds
2019-07-28T02:57:05.987-0900: 14.168: Total time for which application threads were stopped: 0.0000695 seconds, Stopping threads took: 0.0000138 seconds
2019-07-28T02:57:06.009-0900: 14.191: Total time for which application threads were stopped: 0.0000862 seconds, Stopping threads took: 0.0000292 seconds
2019-07-28T02:57:06.054-0900: 14.236: Total time for which application threads were stopped: 0.0001191 seconds, Stopping threads took: 0.0000188 seconds
2019-07-28T02:57:06.089-0900: 14.271: Total time for which application threads were stopped: 0.0000824 seconds, Stopping threads took: 0.0000162 seconds
2019-07-28T02:57:06.093-0900: 14.274: Total time for which application threads were stopped: 0.0000900 seconds, Stopping threads took: 0.0000372 seconds
2019-07-28T02:57:06.093-0900: 14.274: Total time for which application threads were stopped: 0.0000336 seconds, Stopping threads took: 0.0000072 seconds
2019-07-28T02:57:06.098-0900: 14.280: Total time for which application threads were stopped: 0.0002662 seconds, Stopping threads took: 0.0000153 seconds
2019-07-28T02:57:06.127-0900: 14.308: Total time for which application threads were stopped: 0.0001061 seconds, Stopping threads took: 0.0000435 seconds
2019-07-28T02:57:06.134-0900: 14.316: Total time for which application threads were stopped: 0.0002740 seconds, Stopping threads took: 0.0000153 seconds
{Heap before GC invocations=1 (full 1):
 par new generation   total 109248K, used 98488K [0x00000007a0000000, 0x00000007a8000000, 0x00000007a8000000)
  eden space 87424K, 100% used [0x00000007a0000000, 0x00000007a5560000, 0x00000007a5560000)
  from space 21824K,  50% used [0x00000007a6ab0000, 0x00000007a757e1a8, 0x00000007a8000000)
  to   space 21824K,   0% used [0x00000007a5560000, 0x00000007a5560000, 0x00000007a6ab0000)
 concurrent mark-sweep generation total 393216K, used 0K [0x00000007a8000000, 0x00000007c0000000, 0x00000007c0000000)
 Metaspace       used 24076K, capacity 24678K, committed 24872K, reserved 1071104K
  class space    used 2924K, capacity 3131K, committed 3148K, reserved 1048576K
2019-07-28T02:57:06.153-0900: 14.334: [GC (Allocation Failure) 2019-07-28T02:57:06.153-0900: 14.335: [ParNew
Desired survivor size 20112992 bytes, new threshold 8 (max 8)
- age   1:    7001944 bytes,    7001944 total
- age   2:    5431528 bytes,   12433472 total
: 98488K->15499K(109248K), 0.0162767 secs] 98488K->15499K(502464K), 0.0163796 secs] [Times: user=0.05 sys=0.01, real=0.01 secs] 
Heap after GC invocations=2 (full 1):
 par new generation   total 109248K, used 15499K [0x00000007a0000000, 0x00000007a8000000, 0x00000007a8000000)
  eden space 87424K,   0% used [0x00000007a0000000, 0x00000007a0000000, 0x00000007a5560000)
  from space 21824K,  71% used [0x00000007a5560000, 0x00000007a6482cc8, 0x00000007a6ab0000)
  to   space 21824K,   0% used [0x00000007a6ab0000, 0x00000007a6ab0000, 0x00000007a8000000)
 concurrent mark-sweep generation total 393216K, used 0K [0x00000007a8000000, 0x00000007c0000000, 0x00000007c0000000)
 Metaspace       used 24076K, capacity 24678K, committed 24872K, reserved 1071104K
  class space    used 2924K, capacity 3131K, committed 3148K, reserved 1048576K
}
2019-07-28T02:57:06.169-0900: 14.351: Total time for which application threads were stopped: 0.0165646 seconds, Stopping threads took: 0.0000398 seconds
2019-07-28T02:57:06.173-0900: 14.355: Total time for which application threads were stopped: 0.0001063 seconds, Stopping threads took: 0.0000425 seconds
2019-07-28T02:57:06.173-0900: 14.355: Total time for which application threads were stopped: 0.0000782 seconds, Stopping threads took: 0.0000262 seconds
2019-07-28T02:57:06.175-0900: 14.356: Total time for which application threads were stopped: 0.0000763 seconds, Stopping threads took: 0.0000220 seconds
2019-07-28T02:57:06.175-0900: 14.357: Total time for which application threads were stopped: 0.0001226 seconds, Stopping threads took: 0.0000185 seconds
2019-07-28T02:57:06.206-0900: 14.387: Total time for which application threads were stopped: 0.0001200 seconds, Stopping threads took: 0.0000443 seconds
2019-07-28T02:57:06.282-0900: 14.464: Total time for which application threads were stopped: 0.0001726 seconds, Stopping threads took: 0.0000369 seconds
2019-07-28T02:57:06.348-0900: 14.530: Total time for which application threads were stopped: 0.0001064 seconds, Stopping threads took: 0.0000158 seconds
2019-07-28T02:57:06.348-0900: 14.530: [CMS-concurrent-abortable-preclean: 0.859/2.756 secs] [Times: user=2.24 sys=0.07, real=2.75 secs] 
2019-07-28T02:57:06.348-0900: 14.530: [GC (CMS Final Remark) [YG occupancy: 75808 K (109248 K)]{Heap before GC invocations=2 (full 1):
 par new generation   total 109248K, used 75808K [0x00000007a0000000, 0x00000007a8000000, 0x00000007a8000000)
  eden space 87424K,  68% used [0x00000007a0000000, 0x00000007a3ae5588, 0x00000007a5560000)
  from space 21824K,  71% used [0x00000007a5560000, 0x00000007a6482cc8, 0x00000007a6ab0000)
  to   space 21824K,   0% used [0x00000007a6ab0000, 0x00000007a6ab0000, 0x00000007a8000000)
 concurrent mark-sweep generation total 393216K, used 0K [0x00000007a8000000, 0x00000007c0000000, 0x00000007c0000000)
 Metaspace       used 25001K, capacity 25578K, committed 25828K, reserved 1071104K
  class space    used 3028K, capacity 3241K, committed 3300K, reserved 1048576K
2019-07-28T02:57:06.348-0900: 14.530: [GC (CMS Final Remark) 2019-07-28T02:57:06.348-0900: 14.530: [ParNew
Desired survivor size 20112992 bytes, new threshold 8 (max 8)
- age   1:    1984472 bytes,    1984472 total
- age   2:    2505816 bytes,    4490288 total
- age   3:    5430320 bytes,    9920608 total
: 75808K->13535K(109248K), 0.0141469 secs] 75808K->13535K(502464K), 0.0142116 secs] [Times: user=0.04 sys=0.00, real=0.02 secs] 
Heap after GC invocations=3 (full 1):
 par new generation   total 109248K, used 13535K [0x00000007a0000000, 0x00000007a8000000, 0x00000007a8000000)
  eden space 87424K,   0% used [0x00000007a0000000, 0x00000007a0000000, 0x00000007a5560000)
  from space 21824K,  62% used [0x00000007a6ab0000, 0x00000007a77e7ed0, 0x00000007a8000000)
  to   space 21824K,   0% used [0x00000007a5560000, 0x00000007a5560000, 0x00000007a6ab0000)
 concurrent mark-sweep generation total 393216K, used 0K [0x00000007a8000000, 0x00000007c0000000, 0x00000007c0000000)
 Metaspace       used 25001K, capacity 25578K, committed 25828K, reserved 1071104K
  class space    used 3028K, capacity 3241K, committed 3300K, reserved 1048576K
}
2019-07-28T02:57:06.363-0900: 14.544: [Rescan (parallel) , 0.0034948 secs]2019-07-28T02:57:06.366-0900: 14.548: [weak refs processing, 0.0068563 secs]2019-07-28T02:57:06.373-0900: 14.555: [class unloading, 0.0040971 secs]2019-07-28T02:57:06.377-0900: 14.559: [scrub symbol table, 0.0044885 secs]2019-07-28T02:57:06.382-0900: 14.563: [scrub string table, 0.0003225 secs][1 CMS-remark: 0K(393216K)] 13535K(502464K), 0.0344744 secs] [Times: user=0.09 sys=0.00, real=0.04 secs] 
2019-07-28T02:57:06.383-0900: 14.565: Total time for which application threads were stopped: 0.0347803 seconds, Stopping threads took: 0.0002171 seconds
2019-07-28T02:57:06.383-0900: 14.565: [CMS-concurrent-sweep-start]
2019-07-28T02:57:06.383-0900: 14.565: [CMS-concurrent-sweep: 0.000/0.000 secs] [Times: user=0.00 sys=0.00, real=0.00 secs] 
2019-07-28T02:57:06.383-0900: 14.565: [CMS-concurrent-reset-start]
2019-07-28T02:57:06.384-0900: 14.566: Total time for which application threads were stopped: 0.0002252 seconds, Stopping threads took: 0.0001105 seconds
2019-07-28T02:57:06.384-0900: 14.566: Total time for which application threads were stopped: 0.0000682 seconds, Stopping threads took: 0.0000072 seconds
2019-07-28T02:57:06.390-0900: 14.572: [CMS-concurrent-reset: 0.006/0.007 secs] [Times: user=0.01 sys=0.01, real=0.01 secs] 
2019-07-28T02:57:06.431-0900: 14.613: Total time for which application threads were stopped: 0.0001098 seconds, Stopping threads took: 0.0000257 seconds
2019-07-28T02:57:06.433-0900: 14.615: Total time for which application threads were stopped: 0.0000700 seconds, Stopping threads took: 0.0000113 seconds
2019-07-28T02:57:06.492-0900: 14.674: Total time for which application threads were stopped: 0.0000738 seconds, Stopping threads took: 0.0000148 seconds
{Heap before GC invocations=3 (full 1):
 par new generation   total 109248K, used 100959K [0x00000007a0000000, 0x00000007a8000000, 0x00000007a8000000)
  eden space 87424K, 100% used [0x00000007a0000000, 0x00000007a5560000, 0x00000007a5560000)
  from space 21824K,  62% used [0x00000007a6ab0000, 0x00000007a77e7ed0, 0x00000007a8000000)
  to   space 21824K,   0% used [0x00000007a5560000, 0x00000007a5560000, 0x00000007a6ab0000)
 concurrent mark-sweep generation total 393216K, used 0K [0x00000007a8000000, 0x00000007c0000000, 0x00000007c0000000)
 Metaspace       used 25778K, capacity 26408K, committed 26724K, reserved 1073152K
  class space    used 3136K, capacity 3342K, committed 3428K, reserved 1048576K
2019-07-28T02:57:06.548-0900: 14.730: [GC (Allocation Failure) 2019-07-28T02:57:06.548-0900: 14.730: [ParNew
Desired survivor size 20112992 bytes, new threshold 8 (max 8)
- age   1:    1311024 bytes,    1311024 total
- age   2:     908832 bytes,    2219856 total
- age   3:    2368304 bytes,    4588160 total
- age   4:    5427680 bytes,   10015840 total
: 100959K->12680K(109248K), 0.0078825 secs] 100959K->12680K(502464K), 0.0079702 secs] [Times: user=0.03 sys=0.00, real=0.01 secs] 
Heap after GC invocations=4 (full 1):
 par new generation   total 109248K, used 12680K [0x00000007a0000000, 0x00000007a8000000, 0x00000007a8000000)
  eden space 87424K,   0% used [0x00000007a0000000, 0x00000007a0000000, 0x00000007a5560000)
  from space 21824K,  58% used [0x00000007a5560000, 0x00000007a61c2140, 0x00000007a6ab0000)
  to   space 21824K,   0% used [0x00000007a6ab0000, 0x00000007a6ab0000, 0x00000007a8000000)
 concurrent mark-sweep generation total 393216K, used 0K [0x00000007a8000000, 0x00000007c0000000, 0x00000007c0000000)
 Metaspace       used 25778K, capacity 26408K, committed 26724K, reserved 1073152K
  class space    used 3136K, capacity 3342K, committed 3428K, reserved 1048576K
}
2019-07-28T02:57:06.556-0900: 14.738: Total time for which application threads were stopped: 0.0081097 seconds, Stopping threads took: 0.0000282 seconds
2019-07-28T02:57:06.557-0900: 14.738: Total time for which application threads were stopped: 0.0000822 seconds, Stopping threads took: 0.0000333 seconds
2019-07-28T02:57:06.757-0900: 14.939: Total time for which application threads were stopped: 0.0003876 seconds, Stopping threads took: 0.0000203 seconds
2019-07-28T02:57:06.764-0900: 14.946: Total time for which application threads were stopped: 0.0002556 seconds, Stopping threads took: 0.0000108 seconds
2019-07-28T02:57:06.814-0900: 14.996: Total time for which application threads were stopped: 0.0001034 seconds, Stopping threads took: 0.0000355 seconds
2019-07-28T02:57:06.814-0900: 14.996: Total time for which application threads were stopped: 0.0000773 seconds, Stopping threads took: 0.0000296 seconds
2019-07-28T02:57:06.887-0900: 15.068: Total time for which application threads were stopped: 0.0000596 seconds, Stopping threads took: 0.0000124 seconds
2019-07-28T02:57:06.887-0900: 15.068: Total time for which application threads were stopped: 0.0000293 seconds, Stopping threads took: 0.0000054 seconds
2019-07-28T02:57:06.887-0900: 15.068: Total time for which application threads were stopped: 0.0000235 seconds, Stopping threads took: 0.0000043 seconds
2019-07-28T02:57:06.915-0900: 15.097: Total time for which application threads were stopped: 0.0000684 seconds, Stopping threads took: 0.0000150 seconds
2019-07-28T02:57:06.936-0900: 15.117: Total time for which application threads were stopped: 0.0000827 seconds, Stopping threads took: 0.0000265 seconds
{Heap before GC invocations=4 (full 1):
 par new generation   total 109248K, used 100104K [0x00000007a0000000, 0x00000007a8000000, 0x00000007a8000000)
  eden space 87424K, 100% used [0x00000007a0000000, 0x00000007a5560000, 0x00000007a5560000)
  from space 21824K,  58% used [0x00000007a5560000, 0x00000007a61c2140, 0x00000007a6ab0000)
  to   space 21824K,   0% used [0x00000007a6ab0000, 0x00000007a6ab0000, 0x00000007a8000000)
 concurrent mark-sweep generation total 393216K, used 0K [0x00000007a8000000, 0x00000007c0000000, 0x00000007c0000000)
 Metaspace       used 30403K, capacity 31146K, committed 31460K, reserved 1077248K
  class space    used 3708K, capacity 3949K, committed 4068K, reserved 1048576K
2019-07-28T02:57:07.013-0900: 15.194: [GC (Allocation Failure) 2019-07-28T02:57:07.013-0900: 15.195: [ParNew
Desired survivor size 20112992 bytes, new threshold 8 (max 8)
- age   1:    6015720 bytes,    6015720 total
- age   2:     346440 bytes,    6362160 total
- age   3:     185560 bytes,    6547720 total
- age   4:    2354664 bytes,    8902384 total
- age   5:    5412032 bytes,   14314416 total
: 100104K->17072K(109248K), 0.0135354 secs] 100104K->17072K(502464K), 0.0136063 secs] [Times: user=0.04 sys=0.00, real=0.01 secs] 
Heap after GC invocations=5 (full 1):
 par new generation   total 109248K, used 17072K [0x00000007a0000000, 0x00000007a8000000, 0x00000007a8000000)
  eden space 87424K,   0% used [0x00000007a0000000, 0x00000007a0000000, 0x00000007a5560000)
  from space 21824K,  78% used [0x00000007a6ab0000, 0x00000007a7b5c030, 0x00000007a8000000)
  to   space 21824K,   0% used [0x00000007a5560000, 0x00000007a5560000, 0x00000007a6ab0000)
 concurrent mark-sweep generation total 393216K, used 0K [0x00000007a8000000, 0x00000007c0000000, 0x00000007c0000000)
 Metaspace       used 30403K, capacity 31146K, committed 31460K, reserved 1077248K
  class space    used 3708K, capacity 3949K, committed 4068K, reserved 1048576K
}
2019-07-28T02:57:07.026-0900: 15.208: Total time for which application threads were stopped: 0.0138221 seconds, Stopping threads took: 0.0000168 seconds
2019-07-28T02:57:07.047-0900: 15.229: Total time for which application threads were stopped: 0.0000765 seconds, Stopping threads took: 0.0000145 seconds
2019-07-28T02:57:07.070-0900: 15.251: Total time for which application threads were stopped: 0.0000776 seconds, Stopping threads took: 0.0000234 seconds
2019-07-28T02:57:07.115-0900: 15.297: Total time for which application threads were stopped: 0.0001790 seconds, Stopping threads took: 0.0000928 seconds
2019-07-28T02:57:07.136-0900: 15.318: Total time for which application threads were stopped: 0.0003935 seconds, Stopping threads took: 0.0000123 seconds
2019-07-28T02:57:07.153-0900: 15.335: Total time for which application threads were stopped: 0.0003808 seconds, Stopping threads took: 0.0000138 seconds
2019-07-28T02:57:07.218-0900: 15.400: Total time for which application threads were stopped: 0.0001012 seconds, Stopping threads took: 0.0000307 seconds
2019-07-28T02:57:07.219-0900: 15.400: Total time for which application threads were stopped: 0.0000560 seconds, Stopping threads took: 0.0000150 seconds
2019-07-28T02:57:07.219-0900: 15.400: Total time for which application threads were stopped: 0.0000560 seconds, Stopping threads took: 0.0000180 seconds
2019-07-28T02:57:07.219-0900: 15.400: Total time for which application threads were stopped: 0.0000676 seconds, Stopping threads took: 0.0000186 seconds
2019-07-28T02:57:07.219-0900: 15.401: Total time for which application threads were stopped: 0.0000586 seconds, Stopping threads took: 0.0000083 seconds
2019-07-28T02:57:07.219-0900: 15.401: Total time for which application threads were stopped: 0.0000855 seconds, Stopping threads took: 0.0000238 seconds
2019-07-28T02:57:07.220-0900: 15.401: Total time for which application threads were stopped: 0.0002553 seconds, Stopping threads took: 0.0001990 seconds
2019-07-28T02:57:07.220-0900: 15.401: Total time for which application threads were stopped: 0.0000552 seconds, Stopping threads took: 0.0000061 seconds
2019-07-28T02:57:07.220-0900: 15.402: Total time for which application threads were stopped: 0.0000478 seconds, Stopping threads took: 0.0000066 seconds
2019-07-28T02:57:07.220-0900: 15.402: Total time for which application threads were stopped: 0.0000465 seconds, Stopping threads took: 0.0000062 seconds
2019-07-28T02:57:07.220-0900: 15.402: Total time for which application threads were stopped: 0.0001103 seconds, Stopping threads took: 0.0000063 seconds
2019-07-28T02:57:07.221-0900: 15.402: Total time for which application threads were stopped: 0.0000666 seconds, Stopping threads took: 0.0000092 seconds
2019-07-28T02:57:07.221-0900: 15.403: Total time for which application threads were stopped: 0.0002099 seconds, Stopping threads took: 0.0001472 seconds
2019-07-28T02:57:07.232-0900: 15.414: Total time for which application threads were stopped: 0.0000910 seconds, Stopping threads took: 0.0000429 seconds
2019-07-28T02:57:07.235-0900: 15.416: Total time for which application threads were stopped: 0.0000554 seconds, Stopping threads took: 0.0000125 seconds
2019-07-28T02:57:08.240-0900: 16.422: Total time for which application threads were stopped: 0.0001323 seconds, Stopping threads took: 0.0000320 seconds
2019-07-28T02:57:39.315-0900: 47.496: Total time for which application threads were stopped: 0.0006621 seconds, Stopping threads took: 0.0000411 seconds
2019-07-28T02:57:57.384-0900: 65.564: Total time for which application threads were stopped: 0.0001295 seconds, Stopping threads took: 0.0000315 seconds
2019-07-28T02:58:03.645-0900: 71.825: Total time for which application threads were stopped: 0.0001101 seconds, Stopping threads took: 0.0000284 seconds
2019-07-28T02:58:16.839-0900: 85.018: Total time for which application threads were stopped: 0.0001367 seconds, Stopping threads took: 0.0000361 seconds
2019-07-28T02:58:16.839-0900: 85.018: Total time for which application threads were stopped: 0.0000503 seconds, Stopping threads took: 0.0000128 seconds
2019-07-28T02:58:16.840-0900: 85.019: Total time for which application threads were stopped: 0.0000581 seconds, Stopping threads took: 0.0000135 seconds
2019-07-28T02:58:16.846-0900: 85.025: Total time for which application threads were stopped: 0.0000619 seconds, Stopping threads took: 0.0000146 seconds
2019-07-28T02:58:16.974-0900: 85.153: Total time for which application threads were stopped: 0.0001206 seconds, Stopping threads took: 0.0000178 seconds
2019-07-28T02:58:16.974-0900: 85.153: Total time for which application threads were stopped: 0.0000482 seconds, Stopping threads took: 0.0000098 seconds
2019-07-28T02:58:16.974-0900: 85.153: Total time for which application threads were stopped: 0.0000360 seconds, Stopping threads took: 0.0000070 seconds
2019-07-28T02:58:16.974-0900: 85.154: Total time for which application threads were stopped: 0.0000326 seconds, Stopping threads took: 0.0000061 seconds
2019-07-28T02:58:16.982-0900: 85.161: Total time for which application threads were stopped: 0.0000736 seconds, Stopping threads took: 0.0000172 seconds
2019-07-28T02:58:16.995-0900: 85.175: Total time for which application threads were stopped: 0.0000698 seconds, Stopping threads took: 0.0000180 seconds
2019-07-28T02:58:16.995-0900: 85.175: Total time for which application threads were stopped: 0.0000778 seconds, Stopping threads took: 0.0000401 seconds
2019-07-28T02:58:25.121-0900: 93.300: Total time for which application threads were stopped: 0.0000629 seconds, Stopping threads took: 0.0000152 seconds
2019-07-28T02:58:25.121-0900: 93.301: Total time for which application threads were stopped: 0.0000622 seconds, Stopping threads took: 0.0000319 seconds
2019-07-28T02:58:25.124-0900: 93.303: Total time for which application threads were stopped: 0.0000954 seconds, Stopping threads took: 0.0000369 seconds
2019-07-28T02:58:25.124-0900: 93.304: Total time for which application threads were stopped: 0.0000702 seconds, Stopping threads took: 0.0000277 seconds
2019-07-28T02:58:25.127-0900: 93.306: Total time for which application threads were stopped: 0.0000844 seconds, Stopping threads took: 0.0000341 seconds
2019-07-28T02:58:25.127-0900: 93.307: Total time for which application threads were stopped: 0.0000651 seconds, Stopping threads took: 0.0000254 seconds
2019-07-28T02:58:36.837-0900: 105.016: Total time for which application threads were stopped: 0.0001148 seconds, Stopping threads took: 0.0000300 seconds
2019-07-28T02:58:36.837-0900: 105.016: Total time for which application threads were stopped: 0.0000577 seconds, Stopping threads took: 0.0000168 seconds
2019-07-28T02:58:36.843-0900: 105.022: Total time for which application threads were stopped: 0.0000586 seconds, Stopping threads took: 0.0000119 seconds
2019-07-28T02:58:36.845-0900: 105.024: Total time for which application threads were stopped: 0.0000541 seconds, Stopping threads took: 0.0000094 seconds
2019-07-28T02:58:36.846-0900: 105.025: Total time for which application threads were stopped: 0.0003471 seconds, Stopping threads took: 0.0000071 seconds
2019-07-28T02:58:36.849-0900: 105.028: Total time for which application threads were stopped: 0.0000521 seconds, Stopping threads took: 0.0000135 seconds
2019-07-28T02:58:36.849-0900: 105.028: Total time for which application threads were stopped: 0.0000294 seconds, Stopping threads took: 0.0000061 seconds
2019-07-28T02:58:36.849-0900: 105.028: Total time for which application threads were stopped: 0.0000302 seconds, Stopping threads took: 0.0000062 seconds
2019-07-28T02:58:36.850-0900: 105.029: Total time for which application threads were stopped: 0.0000340 seconds, Stopping threads took: 0.0000067 seconds
2019-07-28T02:58:37.855-0900: 106.034: Total time for which application threads were stopped: 0.0001394 seconds, Stopping threads took: 0.0000620 seconds
2019-07-28T02:58:38.476-0900: 106.655: Total time for which application threads were stopped: 0.0000942 seconds, Stopping threads took: 0.0000220 seconds
2019-07-28T02:58:38.476-0900: 106.655: Total time for which application threads were stopped: 0.0000580 seconds, Stopping threads took: 0.0000131 seconds
2019-07-28T02:59:10.579-0900: 138.757: Total time for which application threads were stopped: 0.0000975 seconds, Stopping threads took: 0.0000351 seconds
2019-07-28T02:59:10.579-0900: 138.757: Total time for which application threads were stopped: 0.0000707 seconds, Stopping threads took: 0.0000225 seconds
2019-07-28T02:59:10.581-0900: 138.759: Total time for which application threads were stopped: 0.0001030 seconds, Stopping threads took: 0.0000169 seconds
2019-07-28T02:59:10.585-0900: 138.763: Total time for which application threads were stopped: 0.0000706 seconds, Stopping threads took: 0.0000179 seconds
2019-07-28T02:59:11.588-0900: 139.766: Total time for which application threads were stopped: 0.0001002 seconds, Stopping threads took: 0.0000538 seconds
2019-07-28T02:59:12.209-0900: 140.387: Total time for which application threads were stopped: 0.0000901 seconds, Stopping threads took: 0.0000238 seconds
2019-07-28T02:59:12.209-0900: 140.387: Total time for which application threads were stopped: 0.0000593 seconds, Stopping threads took: 0.0000122 seconds
2019-07-28T02:59:45.300-0900: 173.477: Total time for which application threads were stopped: 0.0002003 seconds, Stopping threads took: 0.0000888 seconds
2019-07-28T02:59:46.301-0900: 174.478: Total time for which application threads were stopped: 0.0001350 seconds, Stopping threads took: 0.0000364 seconds
2019-07-28T03:00:02.371-0900: 190.547: Total time for which application threads were stopped: 0.0001477 seconds, Stopping threads took: 0.0000365 seconds
2019-07-28T03:06:45.451-0900: 593.615: Total time for which application threads were stopped: 0.0000705 seconds, Stopping threads took: 0.0000205 seconds
2019-07-28T03:06:45.451-0900: 593.615: Total time for which application threads were stopped: 0.0001491 seconds, Stopping threads took: 0.0001006 seconds
2019-07-28T03:06:46.455-0900: 594.620: Total time for which application threads were stopped: 0.0000937 seconds, Stopping threads took: 0.0000460 seconds
2019-07-28T03:06:47.092-0900: 595.257: Total time for which application threads were stopped: 0.0001751 seconds, Stopping threads took: 0.0000205 seconds
2019-07-28T03:06:47.092-0900: 595.257: Total time for which application threads were stopped: 0.0000646 seconds, Stopping threads took: 0.0000246 seconds
2019-07-28T03:06:54.100-0900: 602.264: Total time for which application threads were stopped: 0.0001212 seconds, Stopping threads took: 0.0000300 seconds
2019-07-28T03:07:29.195-0900: 637.358: Total time for which application threads were stopped: 0.0002168 seconds, Stopping threads took: 0.0000410 seconds
2019-07-28T03:07:54.118-0900: 662.281: Total time for which application threads were stopped: 0.0000856 seconds, Stopping threads took: 0.0000213 seconds
2019-07-28T03:07:54.119-0900: 662.281: Total time for which application threads were stopped: 0.0000428 seconds, Stopping threads took: 0.0000108 seconds
2019-07-28T03:07:55.119-0900: 663.281: Total time for which application threads were stopped: 0.0001399 seconds, Stopping threads took: 0.0000254 seconds
2019-07-28T03:07:56.632-0900: 664.795: Total time for which application threads were stopped: 0.0001019 seconds, Stopping threads took: 0.0000404 seconds
2019-07-28T03:07:56.632-0900: 664.795: Total time for which application threads were stopped: 0.0000451 seconds, Stopping threads took: 0.0000087 seconds
2019-07-28T03:09:25.034-0900: 753.194: Total time for which application threads were stopped: 0.0001001 seconds, Stopping threads took: 0.0000282 seconds
2019-07-28T03:09:25.035-0900: 753.194: Total time for which application threads were stopped: 0.0001114 seconds, Stopping threads took: 0.0000557 seconds
2019-07-28T03:09:25.050-0900: 753.209: Total time for which application threads were stopped: 0.0000949 seconds, Stopping threads took: 0.0000183 seconds
2019-07-28T03:09:25.050-0900: 753.209: Total time for which application threads were stopped: 0.0000686 seconds, Stopping threads took: 0.0000122 seconds
2019-07-28T03:09:25.050-0900: 753.210: Total time for which application threads were stopped: 0.0001048 seconds, Stopping threads took: 0.0000102 seconds
2019-07-28T03:09:25.060-0900: 753.219: Total time for which application threads were stopped: 0.0000614 seconds, Stopping threads took: 0.0000115 seconds
2019-07-28T03:09:25.063-0900: 753.223: Total time for which application threads were stopped: 0.0000519 seconds, Stopping threads took: 0.0000096 seconds
2019-07-28T03:09:25.063-0900: 753.223: Total time for which application threads were stopped: 0.0000306 seconds, Stopping threads took: 0.0000051 seconds
2019-07-28T03:09:25.069-0900: 753.228: Total time for which application threads were stopped: 0.0001059 seconds, Stopping threads took: 0.0000426 seconds
2019-07-28T03:09:25.070-0900: 753.230: Total time for which application threads were stopped: 0.0003446 seconds, Stopping threads took: 0.0000080 seconds
2019-07-28T03:09:25.071-0900: 753.231: Total time for which application threads were stopped: 0.0003031 seconds, Stopping threads took: 0.0000061 seconds
2019-07-28T03:09:25.079-0900: 753.239: Total time for which application threads were stopped: 0.0000796 seconds, Stopping threads took: 0.0000128 seconds
2019-07-28T03:09:25.165-0900: 753.324: Total time for which application threads were stopped: 0.0004054 seconds, Stopping threads took: 0.0000156 seconds
{Heap before GC invocations=5 (full 1):
 par new generation   total 109248K, used 104496K [0x00000007a0000000, 0x00000007a8000000, 0x00000007a8000000)
  eden space 87424K, 100% used [0x00000007a0000000, 0x00000007a5560000, 0x00000007a5560000)
  from space 21824K,  78% used [0x00000007a6ab0000, 0x00000007a7b5c030, 0x00000007a8000000)
  to   space 21824K,   0% used [0x00000007a5560000, 0x00000007a5560000, 0x00000007a6ab0000)
 concurrent mark-sweep generation total 393216K, used 0K [0x00000007a8000000, 0x00000007c0000000, 0x00000007c0000000)
 Metaspace       used 33421K, capacity 34238K, committed 34276K, reserved 1079296K
  class space    used 4057K, capacity 4293K, committed 4324K, reserved 1048576K
2019-07-28T03:09:25.168-0900: 753.328: [GC (Allocation Failure) 2019-07-28T03:09:25.169-0900: 753.328: [ParNew
Desired survivor size 20112992 bytes, new threshold 6 (max 8)
- age   1:   11762944 bytes,   11762944 total
- age   2:    1303424 bytes,   13066368 total
- age   3:     326544 bytes,   13392912 total
- age   4:     181416 bytes,   13574328 total
- age   5:    2104784 bytes,   15679112 total
- age   6:    5290336 bytes,   20969448 total
: 104496K->21824K(109248K), 0.0354992 secs] 104496K->23848K(502464K), 0.0358659 secs] [Times: user=0.06 sys=0.03, real=0.04 secs] 
Heap after GC invocations=6 (full 1):
 par new generation   total 109248K, used 21824K [0x00000007a0000000, 0x00000007a8000000, 0x00000007a8000000)
  eden space 87424K,   0% used [0x00000007a0000000, 0x00000007a0000000, 0x00000007a5560000)
  from space 21824K, 100% used [0x00000007a5560000, 0x00000007a6ab0000, 0x00000007a6ab0000)
  to   space 21824K,   0% used [0x00000007a6ab0000, 0x00000007a6ab0000, 0x00000007a8000000)
 concurrent mark-sweep generation total 393216K, used 2024K [0x00000007a8000000, 0x00000007c0000000, 0x00000007c0000000)
 Metaspace       used 33421K, capacity 34238K, committed 34276K, reserved 1079296K
  class space    used 4057K, capacity 4293K, committed 4324K, reserved 1048576K
}
2019-07-28T03:09:25.204-0900: 753.364: Total time for which application threads were stopped: 0.0360222 seconds, Stopping threads took: 0.0000152 seconds
2019-07-28T03:09:25.208-0900: 753.367: Total time for which application threads were stopped: 0.0022568 seconds, Stopping threads took: 0.0021879 seconds
2019-07-28T03:09:25.217-0900: 753.376: Total time for which application threads were stopped: 0.0001061 seconds, Stopping threads took: 0.0000579 seconds
2019-07-28T03:09:25.217-0900: 753.377: Total time for which application threads were stopped: 0.0000816 seconds, Stopping threads took: 0.0000393 seconds
2019-07-28T03:09:25.220-0900: 753.379: Total time for which application threads were stopped: 0.0000845 seconds, Stopping threads took: 0.0000313 seconds
2019-07-28T03:09:25.220-0900: 753.379: Total time for which application threads were stopped: 0.0000649 seconds, Stopping threads took: 0.0000220 seconds
2019-07-28T03:09:25.220-0900: 753.380: Total time for which application threads were stopped: 0.0000807 seconds, Stopping threads took: 0.0000296 seconds
2019-07-28T03:09:25.220-0900: 753.380: Total time for which application threads were stopped: 0.0000688 seconds, Stopping threads took: 0.0000424 seconds
2019-07-28T03:09:25.220-0900: 753.380: Total time for which application threads were stopped: 0.0000453 seconds, Stopping threads took: 0.0000219 seconds
2019-07-28T03:09:25.220-0900: 753.380: Total time for which application threads were stopped: 0.0000405 seconds, Stopping threads took: 0.0000183 seconds
2019-07-28T03:09:25.221-0900: 753.380: Total time for which application threads were stopped: 0.0000596 seconds, Stopping threads took: 0.0000376 seconds
2019-07-28T03:09:25.221-0900: 753.380: Total time for which application threads were stopped: 0.0000606 seconds, Stopping threads took: 0.0000396 seconds
2019-07-28T03:09:25.221-0900: 753.380: Total time for which application threads were stopped: 0.0000552 seconds, Stopping threads took: 0.0000294 seconds
2019-07-28T03:09:25.221-0900: 753.380: Total time for which application threads were stopped: 0.0000436 seconds, Stopping threads took: 0.0000175 seconds
2019-07-28T03:09:25.221-0900: 753.381: Total time for which application threads were stopped: 0.0000377 seconds, Stopping threads took: 0.0000088 seconds
2019-07-28T03:09:25.221-0900: 753.381: Total time for which application threads were stopped: 0.0000541 seconds, Stopping threads took: 0.0000298 seconds
2019-07-28T03:09:25.221-0900: 753.381: Total time for which application threads were stopped: 0.0000511 seconds, Stopping threads took: 0.0000211 seconds
2019-07-28T03:09:25.221-0900: 753.381: Total time for which application threads were stopped: 0.0000986 seconds, Stopping threads took: 0.0000300 seconds
2019-07-28T03:09:25.224-0900: 753.383: Total time for which application threads were stopped: 0.0001013 seconds, Stopping threads took: 0.0000429 seconds
2019-07-28T03:09:25.258-0900: 753.418: Total time for which application threads were stopped: 0.0000790 seconds, Stopping threads took: 0.0000121 seconds
2019-07-28T03:09:25.258-0900: 753.418: Total time for which application threads were stopped: 0.0000302 seconds, Stopping threads took: 0.0000049 seconds
2019-07-28T03:09:25.258-0900: 753.418: Total time for which application threads were stopped: 0.0000286 seconds, Stopping threads took: 0.0000052 seconds
2019-07-28T03:09:25.259-0900: 753.418: Total time for which application threads were stopped: 0.0000253 seconds, Stopping threads took: 0.0000044 seconds
2019-07-28T03:09:25.259-0900: 753.418: Total time for which application threads were stopped: 0.0000268 seconds, Stopping threads took: 0.0000053 seconds
2019-07-28T03:09:25.259-0900: 753.418: Total time for which application threads were stopped: 0.0000237 seconds, Stopping threads took: 0.0000040 seconds
2019-07-28T03:09:25.259-0900: 753.418: Total time for which application threads were stopped: 0.0000233 seconds, Stopping threads took: 0.0000039 seconds
2019-07-28T03:09:25.259-0900: 753.418: Total time for which application threads were stopped: 0.0000232 seconds, Stopping threads took: 0.0000039 seconds
2019-07-28T03:09:25.259-0900: 753.418: Total time for which application threads were stopped: 0.0000230 seconds, Stopping threads took: 0.0000041 seconds
2019-07-28T03:09:25.259-0900: 753.418: Total time for which application threads were stopped: 0.0000229 seconds, Stopping threads took: 0.0000041 seconds
2019-07-28T03:09:25.284-0900: 753.443: Total time for which application threads were stopped: 0.0003014 seconds, Stopping threads took: 0.0000376 seconds
2019-07-28T03:09:25.285-0900: 753.445: Total time for which application threads were stopped: 0.0000883 seconds, Stopping threads took: 0.0000336 seconds
2019-07-28T03:09:25.295-0900: 753.455: Total time for which application threads were stopped: 0.0000587 seconds, Stopping threads took: 0.0000120 seconds
2019-07-28T03:09:27.039-0900: 755.199: Total time for which application threads were stopped: 0.0000772 seconds, Stopping threads took: 0.0000275 seconds
2019-07-28T03:09:27.039-0900: 755.199: Total time for which application threads were stopped: 0.0000541 seconds, Stopping threads took: 0.0000103 seconds
2019-07-28T03:09:40.299-0900: 768.458: Total time for which application threads were stopped: 0.0001366 seconds, Stopping threads took: 0.0000365 seconds
2019-07-28T03:09:40.306-0900: 768.465: Total time for which application threads were stopped: 0.0002287 seconds, Stopping threads took: 0.0000563 seconds
2019-07-28T03:09:40.307-0900: 768.466: Total time for which application threads were stopped: 0.0000568 seconds, Stopping threads took: 0.0000105 seconds
2019-07-28T03:09:40.307-0900: 768.466: Total time for which application threads were stopped: 0.0000352 seconds, Stopping threads took: 0.0000067 seconds
2019-07-28T03:09:40.311-0900: 768.470: Total time for which application threads were stopped: 0.0001091 seconds, Stopping threads took: 0.0000326 seconds
2019-07-28T03:09:40.311-0900: 768.470: Total time for which application threads were stopped: 0.0000571 seconds, Stopping threads took: 0.0000126 seconds
2019-07-28T03:09:40.320-0900: 768.479: Total time for which application threads were stopped: 0.0001096 seconds, Stopping threads took: 0.0000403 seconds
2019-07-28T03:09:40.322-0900: 768.481: Total time for which application threads were stopped: 0.0007326 seconds, Stopping threads took: 0.0001332 seconds
2019-07-28T03:09:40.330-0900: 768.489: Total time for which application threads were stopped: 0.0000753 seconds, Stopping threads took: 0.0000108 seconds
2019-07-28T03:09:40.345-0900: 768.504: Total time for which application threads were stopped: 0.0000685 seconds, Stopping threads took: 0.0000115 seconds
2019-07-28T03:09:40.345-0900: 768.505: Total time for which application threads were stopped: 0.0000802 seconds, Stopping threads took: 0.0000268 seconds
2019-07-28T03:09:40.356-0900: 768.515: Total time for which application threads were stopped: 0.0000850 seconds, Stopping threads took: 0.0000246 seconds
2019-07-28T03:09:40.356-0900: 768.515: Total time for which application threads were stopped: 0.0000737 seconds, Stopping threads took: 0.0000102 seconds
2019-07-28T03:09:40.359-0900: 768.518: Total time for which application threads were stopped: 0.0001480 seconds, Stopping threads took: 0.0000221 seconds
2019-07-28T03:09:40.359-0900: 768.519: Total time for which application threads were stopped: 0.0000605 seconds, Stopping threads took: 0.0000137 seconds
2019-07-28T03:09:40.362-0900: 768.521: Total time for which application threads were stopped: 0.0003633 seconds, Stopping threads took: 0.0000126 seconds
2019-07-28T03:09:40.365-0900: 768.524: Total time for which application threads were stopped: 0.0000576 seconds, Stopping threads took: 0.0000182 seconds
2019-07-28T03:09:40.379-0900: 768.538: Total time for which application threads were stopped: 0.0003746 seconds, Stopping threads took: 0.0000153 seconds
2019-07-28T03:09:40.400-0900: 768.559: Total time for which application threads were stopped: 0.0000968 seconds, Stopping threads took: 0.0000399 seconds
2019-07-28T03:09:40.400-0900: 768.559: Total time for which application threads were stopped: 0.0000574 seconds, Stopping threads took: 0.0000122 seconds
2019-07-28T03:09:40.401-0900: 768.560: Total time for which application threads were stopped: 0.0000589 seconds, Stopping threads took: 0.0000243 seconds
2019-07-28T03:09:40.401-0900: 768.560: Total time for which application threads were stopped: 0.0000330 seconds, Stopping threads took: 0.0000122 seconds
2019-07-28T03:09:40.401-0900: 768.560: Total time for which application threads were stopped: 0.0000396 seconds, Stopping threads took: 0.0000065 seconds
2019-07-28T03:10:39.131-0900: 827.289: Total time for which application threads were stopped: 0.0001084 seconds, Stopping threads took: 0.0000289 seconds
2019-07-28T03:10:39.131-0900: 827.289: Total time for which application threads were stopped: 0.0000835 seconds, Stopping threads took: 0.0000303 seconds
2019-07-28T03:10:40.132-0900: 828.289: Total time for which application threads were stopped: 0.0000939 seconds, Stopping threads took: 0.0000319 seconds
2019-07-28T03:10:41.782-0900: 829.939: Total time for which application threads were stopped: 0.0000744 seconds, Stopping threads took: 0.0000192 seconds
2019-07-28T03:10:41.782-0900: 829.939: Total time for which application threads were stopped: 0.0000711 seconds, Stopping threads took: 0.0000328 seconds
2019-07-28T03:11:50.122-0900: 898.267: Total time for which application threads were stopped: 0.0001030 seconds, Stopping threads took: 0.0000244 seconds
2019-07-28T03:11:50.122-0900: 898.267: Total time for which application threads were stopped: 0.0000431 seconds, Stopping threads took: 0.0000104 seconds
2019-07-28T03:11:51.772-0900: 899.917: Total time for which application threads were stopped: 0.0001404 seconds, Stopping threads took: 0.0000561 seconds
2019-07-28T03:11:51.772-0900: 899.918: Total time for which application threads were stopped: 0.0000606 seconds, Stopping threads took: 0.0000124 seconds
2019-07-28T03:12:02.657-0900: 910.802: Total time for which application threads were stopped: 0.0002334 seconds, Stopping threads took: 0.0000697 seconds
2019-07-28T03:12:02.658-0900: 910.803: Total time for which application threads were stopped: 0.0000741 seconds, Stopping threads took: 0.0000279 seconds
2019-07-28T03:12:04.357-0900: 912.502: Total time for which application threads were stopped: 0.0000782 seconds, Stopping threads took: 0.0000168 seconds
2019-07-28T03:12:04.357-0900: 912.502: Total time for which application threads were stopped: 0.0000444 seconds, Stopping threads took: 0.0000111 seconds
2019-07-28T03:12:37.321-0900: 945.465: Total time for which application threads were stopped: 0.0000650 seconds, Stopping threads took: 0.0000180 seconds
2019-07-28T03:12:37.321-0900: 945.465: Total time for which application threads were stopped: 0.0000610 seconds, Stopping threads took: 0.0000233 seconds
2019-07-28T03:12:38.325-0900: 946.469: Total time for which application threads were stopped: 0.0001035 seconds, Stopping threads took: 0.0000346 seconds
2019-07-28T03:12:39.962-0900: 948.106: Total time for which application threads were stopped: 0.0000923 seconds, Stopping threads took: 0.0000298 seconds
2019-07-28T03:12:39.962-0900: 948.106: Total time for which application threads were stopped: 0.0000746 seconds, Stopping threads took: 0.0000236 seconds
2019-07-28T03:12:52.348-0900: 960.497: Total time for which application threads were stopped: 0.0057506 seconds, Stopping threads took: 0.0000574 seconds
2019-07-28T03:12:52.356-0900: 960.500: Total time for which application threads were stopped: 0.0001077 seconds, Stopping threads took: 0.0000426 seconds
2019-07-28T03:12:52.357-0900: 960.501: Total time for which application threads were stopped: 0.0000891 seconds, Stopping threads took: 0.0000268 seconds
2019-07-28T03:12:52.381-0900: 960.524: Total time for which application threads were stopped: 0.0000859 seconds, Stopping threads took: 0.0000130 seconds
2019-07-28T03:12:52.381-0900: 960.524: Total time for which application threads were stopped: 0.0000574 seconds, Stopping threads took: 0.0000286 seconds
2019-07-28T03:12:52.381-0900: 960.524: Total time for which application threads were stopped: 0.0000422 seconds, Stopping threads took: 0.0000227 seconds
2019-07-28T03:12:52.381-0900: 960.524: Total time for which application threads were stopped: 0.0000272 seconds, Stopping threads took: 0.0000061 seconds
2019-07-28T03:18:43.659-0900: 1311.792: Total time for which application threads were stopped: 0.0009379 seconds, Stopping threads took: 0.0003117 seconds
2019-07-28T03:18:43.660-0900: 1311.793: Total time for which application threads were stopped: 0.0002209 seconds, Stopping threads took: 0.0001582 seconds
2019-07-28T03:18:43.677-0900: 1311.809: Total time for which application threads were stopped: 0.0000784 seconds, Stopping threads took: 0.0000131 seconds
2019-07-28T03:18:43.681-0900: 1311.813: Total time for which application threads were stopped: 0.0000558 seconds, Stopping threads took: 0.0000102 seconds
2019-07-28T03:18:43.684-0900: 1311.817: Total time for which application threads were stopped: 0.0000822 seconds, Stopping threads took: 0.0000113 seconds
2019-07-28T03:18:43.726-0900: 1311.859: Total time for which application threads were stopped: 0.0000755 seconds, Stopping threads took: 0.0000129 seconds
2019-07-28T03:18:43.744-0900: 1311.877: Total time for which application threads were stopped: 0.0000826 seconds, Stopping threads took: 0.0000176 seconds
2019-07-28T03:18:43.755-0900: 1311.888: Total time for which application threads were stopped: 0.0001186 seconds, Stopping threads took: 0.0000181 seconds
2019-07-28T03:18:43.765-0900: 1311.898: Total time for which application threads were stopped: 0.0000739 seconds, Stopping threads took: 0.0000183 seconds
2019-07-28T03:18:43.775-0900: 1311.908: Total time for which application threads were stopped: 0.0000785 seconds, Stopping threads took: 0.0000145 seconds
2019-07-28T03:18:43.779-0900: 1311.912: Total time for which application threads were stopped: 0.0001803 seconds, Stopping threads took: 0.0001198 seconds
2019-07-28T03:18:43.785-0900: 1311.918: Total time for which application threads were stopped: 0.0002538 seconds, Stopping threads took: 0.0001830 seconds
2019-07-28T03:18:43.795-0900: 1311.927: Total time for which application threads were stopped: 0.0000866 seconds, Stopping threads took: 0.0000297 seconds
2019-07-28T03:18:43.798-0900: 1311.931: Total time for which application threads were stopped: 0.0001007 seconds, Stopping threads took: 0.0000499 seconds
2019-07-28T03:18:43.816-0900: 1311.948: Total time for which application threads were stopped: 0.0001049 seconds, Stopping threads took: 0.0000459 seconds
2019-07-28T03:18:43.829-0900: 1311.962: Total time for which application threads were stopped: 0.0069115 seconds, Stopping threads took: 0.0000401 seconds
2019-07-28T03:18:43.835-0900: 1311.968: Total time for which application threads were stopped: 0.0000748 seconds, Stopping threads took: 0.0000172 seconds
2019-07-28T03:18:43.839-0900: 1311.972: Total time for which application threads were stopped: 0.0000752 seconds, Stopping threads took: 0.0000173 seconds
2019-07-28T03:18:43.843-0900: 1311.976: Total time for which application threads were stopped: 0.0000710 seconds, Stopping threads took: 0.0000171 seconds
2019-07-28T03:18:43.849-0900: 1311.982: Total time for which application threads were stopped: 0.0000750 seconds, Stopping threads took: 0.0000170 seconds
2019-07-28T03:18:43.860-0900: 1311.993: Total time for which application threads were stopped: 0.0000802 seconds, Stopping threads took: 0.0000281 seconds
2019-07-28T03:18:43.863-0900: 1311.996: Total time for which application threads were stopped: 0.0000497 seconds, Stopping threads took: 0.0000128 seconds
2019-07-28T03:18:45.600-0900: 1313.733: Total time for which application threads were stopped: 0.0001979 seconds, Stopping threads took: 0.0001173 seconds
2019-07-28T03:18:45.601-0900: 1313.733: Total time for which application threads were stopped: 0.0000639 seconds, Stopping threads took: 0.0000076 seconds
2019-07-28T03:18:46.602-0900: 1314.735: Total time for which application threads were stopped: 0.0001312 seconds, Stopping threads took: 0.0000381 seconds
2019-07-28T03:18:58.725-0900: 1326.857: Total time for which application threads were stopped: 0.0000771 seconds, Stopping threads took: 0.0000155 seconds
2019-07-28T03:18:58.728-0900: 1326.860: Total time for which application threads were stopped: 0.0001406 seconds, Stopping threads took: 0.0000681 seconds
2019-07-28T03:18:58.728-0900: 1326.860: Total time for which application threads were stopped: 0.0000759 seconds, Stopping threads took: 0.0000407 seconds
2019-07-28T03:18:58.775-0900: 1326.907: Total time for which application threads were stopped: 0.0001378 seconds, Stopping threads took: 0.0000324 seconds
2019-07-28T03:18:58.775-0900: 1326.908: Total time for which application threads were stopped: 0.0000336 seconds, Stopping threads took: 0.0000070 seconds
2019-07-28T03:18:58.775-0900: 1326.908: Total time for which application threads were stopped: 0.0000256 seconds, Stopping threads took: 0.0000054 seconds
2019-07-28T03:18:58.775-0900: 1326.908: Total time for which application threads were stopped: 0.0000256 seconds, Stopping threads took: 0.0000049 seconds
2019-07-28T03:18:59.776-0900: 1327.908: Total time for which application threads were stopped: 0.0001569 seconds, Stopping threads took: 0.0000542 seconds
2019-07-28T03:20:14.411-0900: 1402.541: Total time for which application threads were stopped: 0.0000667 seconds, Stopping threads took: 0.0000176 seconds
2019-07-28T03:20:14.411-0900: 1402.541: Total time for which application threads were stopped: 0.0000648 seconds, Stopping threads took: 0.0000405 seconds
2019-07-28T03:20:15.415-0900: 1403.545: Total time for which application threads were stopped: 0.0001537 seconds, Stopping threads took: 0.0000501 seconds
2019-07-28T03:20:16.165-0900: 1404.295: Total time for which application threads were stopped: 0.0001111 seconds, Stopping threads took: 0.0000660 seconds
2019-07-28T03:20:16.166-0900: 1404.296: Total time for which application threads were stopped: 0.0000416 seconds, Stopping threads took: 0.0000079 seconds
2019-07-28T03:20:16.166-0900: 1404.296: Total time for which application threads were stopped: 0.0000282 seconds, Stopping threads took: 0.0000052 seconds
2019-07-28T03:20:16.166-0900: 1404.296: Total time for which application threads were stopped: 0.0000252 seconds, Stopping threads took: 0.0000047 seconds
2019-07-28T03:20:16.166-0900: 1404.296: Total time for which application threads were stopped: 0.0000237 seconds, Stopping threads took: 0.0000046 seconds
2019-07-28T03:20:16.166-0900: 1404.296: Total time for which application threads were stopped: 0.0000289 seconds, Stopping threads took: 0.0000107 seconds
2019-07-28T03:20:16.167-0900: 1404.297: Total time for which application threads were stopped: 0.0000425 seconds, Stopping threads took: 0.0000156 seconds
2019-07-28T03:20:16.168-0900: 1404.298: Total time for which application threads were stopped: 0.0000438 seconds, Stopping threads took: 0.0000094 seconds
2019-07-28T03:20:16.168-0900: 1404.298: Total time for which application threads were stopped: 0.0000340 seconds, Stopping threads took: 0.0000061 seconds
2019-07-28T03:20:16.179-0900: 1404.309: Total time for which application threads were stopped: 0.0000923 seconds, Stopping threads took: 0.0000312 seconds
2019-07-28T03:20:16.179-0900: 1404.310: Total time for which application threads were stopped: 0.0003417 seconds, Stopping threads took: 0.0000250 seconds
2019-07-28T03:20:16.181-0900: 1404.311: Total time for which application threads were stopped: 0.0000693 seconds, Stopping threads took: 0.0000146 seconds
2019-07-28T03:20:16.182-0900: 1404.312: Total time for which application threads were stopped: 0.0000739 seconds, Stopping threads took: 0.0000297 seconds
2019-07-28T03:20:16.189-0900: 1404.319: Total time for which application threads were stopped: 0.0000619 seconds, Stopping threads took: 0.0000181 seconds
2019-07-28T03:20:16.191-0900: 1404.321: Total time for which application threads were stopped: 0.0000877 seconds, Stopping threads took: 0.0000457 seconds
2019-07-28T03:20:16.191-0900: 1404.321: Total time for which application threads were stopped: 0.0000469 seconds, Stopping threads took: 0.0000218 seconds
2019-07-28T03:20:16.191-0900: 1404.321: Total time for which application threads were stopped: 0.0000450 seconds, Stopping threads took: 0.0000213 seconds
2019-07-28T03:20:16.191-0900: 1404.321: Total time for which application threads were stopped: 0.0000464 seconds, Stopping threads took: 0.0000243 seconds
2019-07-28T03:20:16.191-0900: 1404.321: Total time for which application threads were stopped: 0.0000373 seconds, Stopping threads took: 0.0000183 seconds
2019-07-28T03:20:16.201-0900: 1404.331: Total time for which application threads were stopped: 0.0030366 seconds, Stopping threads took: 0.0028962 seconds
2019-07-28T03:20:16.201-0900: 1404.331: Total time for which application threads were stopped: 0.0001095 seconds, Stopping threads took: 0.0000535 seconds
2019-07-28T03:20:16.202-0900: 1404.332: Total time for which application threads were stopped: 0.0001012 seconds, Stopping threads took: 0.0000411 seconds
2019-07-28T03:20:16.202-0900: 1404.332: Total time for which application threads were stopped: 0.0000798 seconds, Stopping threads took: 0.0000272 seconds
2019-07-28T03:20:16.207-0900: 1404.337: Total time for which application threads were stopped: 0.0000901 seconds, Stopping threads took: 0.0000316 seconds
2019-07-28T03:20:16.242-0900: 1404.372: Total time for which application threads were stopped: 0.0001219 seconds, Stopping threads took: 0.0000198 seconds
2019-07-28T03:20:16.242-0900: 1404.372: Total time for which application threads were stopped: 0.0000591 seconds, Stopping threads took: 0.0000088 seconds
2019-07-28T03:20:17.244-0900: 1405.373: Total time for which application threads were stopped: 0.0000915 seconds, Stopping threads took: 0.0000223 seconds
2019-07-28T03:23:50.846-0900: 1618.970: Total time for which application threads were stopped: 0.0003238 seconds, Stopping threads took: 0.0001046 seconds
2019-07-28T03:35:23.696-0900: 2311.832: Total time for which application threads were stopped: 0.0006117 seconds, Stopping threads took: 0.0002000 seconds
2019-07-28T03:35:23.697-0900: 2311.832: Total time for which application threads were stopped: 0.0000627 seconds, Stopping threads took: 0.0000260 seconds
2019-07-28T03:35:24.702-0900: 2312.838: Total time for which application threads were stopped: 0.0001335 seconds, Stopping threads took: 0.0000515 seconds
2019-07-28T03:35:25.454-0900: 2313.590: Total time for which application threads were stopped: 0.0000924 seconds, Stopping threads took: 0.0000250 seconds
2019-07-28T03:35:25.455-0900: 2313.591: Total time for which application threads were stopped: 0.0000594 seconds, Stopping threads took: 0.0000193 seconds
2019-07-28T03:35:25.457-0900: 2313.592: Total time for which application threads were stopped: 0.0000585 seconds, Stopping threads took: 0.0000100 seconds
2019-07-28T03:35:25.458-0900: 2313.594: Total time for which application threads were stopped: 0.0000659 seconds, Stopping threads took: 0.0000112 seconds
2019-07-28T03:35:25.459-0900: 2313.594: Total time for which application threads were stopped: 0.0001217 seconds, Stopping threads took: 0.0000230 seconds
2019-07-28T03:35:25.478-0900: 2313.614: Total time for which application threads were stopped: 0.0001002 seconds, Stopping threads took: 0.0000412 seconds
2019-07-28T03:35:25.484-0900: 2313.619: Total time for which application threads were stopped: 0.0000721 seconds, Stopping threads took: 0.0000149 seconds
2019-07-28T03:35:25.504-0900: 2313.640: Total time for which application threads were stopped: 0.0000767 seconds, Stopping threads took: 0.0000179 seconds
2019-07-28T03:35:25.509-0900: 2313.645: Total time for which application threads were stopped: 0.0001534 seconds, Stopping threads took: 0.0000666 seconds
2019-07-28T03:35:25.510-0900: 2313.645: Total time for which application threads were stopped: 0.0000722 seconds, Stopping threads took: 0.0000219 seconds
2019-07-28T03:35:25.510-0900: 2313.645: Total time for which application threads were stopped: 0.0000559 seconds, Stopping threads took: 0.0000281 seconds
2019-07-28T03:35:25.510-0900: 2313.645: Total time for which application threads were stopped: 0.0000517 seconds, Stopping threads took: 0.0000164 seconds
2019-07-28T03:35:25.514-0900: 2313.649: Total time for which application threads were stopped: 0.0002480 seconds, Stopping threads took: 0.0000911 seconds
2019-07-28T03:35:25.601-0900: 2313.737: Total time for which application threads were stopped: 0.0001021 seconds, Stopping threads took: 0.0000181 seconds
2019-07-28T03:41:23.636-0900: 2671.768: Total time for which application threads were stopped: 0.0002173 seconds, Stopping threads took: 0.0001268 seconds
2019-07-28T03:49:24.134-0900: 3152.262: Total time for which application threads were stopped: 0.0003725 seconds, Stopping threads took: 0.0001283 seconds
2019-07-28T03:52:16.598-0900: 3324.724: Total time for which application threads were stopped: 0.0004784 seconds, Stopping threads took: 0.0000487 seconds
2019-07-28T03:53:46.352-0900: 3414.478: Total time for which application threads were stopped: 0.0000724 seconds, Stopping threads took: 0.0000153 seconds
2019-07-28T03:53:46.352-0900: 3414.478: Total time for which application threads were stopped: 0.0000588 seconds, Stopping threads took: 0.0000293 seconds
2019-07-28T03:53:46.436-0900: 3414.562: Total time for which application threads were stopped: 0.0001438 seconds, Stopping threads took: 0.0000151 seconds
2019-07-28T03:53:46.481-0900: 3414.607: Total time for which application threads were stopped: 0.0007082 seconds, Stopping threads took: 0.0000224 seconds
{Heap before GC invocations=6 (full 1):
 par new generation   total 109248K, used 109248K [0x00000007a0000000, 0x00000007a8000000, 0x00000007a8000000)
  eden space 87424K, 100% used [0x00000007a0000000, 0x00000007a5560000, 0x00000007a5560000)
  from space 21824K, 100% used [0x00000007a5560000, 0x00000007a6ab0000, 0x00000007a6ab0000)
  to   space 21824K,   0% used [0x00000007a6ab0000, 0x00000007a6ab0000, 0x00000007a8000000)
 concurrent mark-sweep generation total 393216K, used 2024K [0x00000007a8000000, 0x00000007c0000000, 0x00000007c0000000)
 Metaspace       used 34963K, capacity 35758K, committed 35940K, reserved 1081344K
  class space    used 4159K, capacity 4391K, committed 4452K, reserved 1048576K
2019-07-28T03:53:47.280-0900: 3415.405: [GC (Allocation Failure) 2019-07-28T03:53:47.285-0900: 3415.411: [ParNew
Desired survivor size 20112992 bytes, new threshold 8 (max 8)
- age   1:    5889496 bytes,    5889496 total
- age   2:   10188152 bytes,   16077648 total
- age   3:    1023384 bytes,   17101032 total
- age   4:     238736 bytes,   17339768 total
- age   5:     163496 bytes,   17503264 total
- age   6:    1980000 bytes,   19483264 total
: 109248K->21824K(109248K), 0.0692115 secs] 111272K->32515K(502464K), 0.0746426 secs] [Times: user=0.08 sys=0.12, real=0.07 secs] 
Heap after GC invocations=7 (full 1):
 par new generation   total 109248K, used 21824K [0x00000007a0000000, 0x00000007a8000000, 0x00000007a8000000)
  eden space 87424K,   0% used [0x00000007a0000000, 0x00000007a0000000, 0x00000007a5560000)
  from space 21824K, 100% used [0x00000007a6ab0000, 0x00000007a8000000, 0x00000007a8000000)
  to   space 21824K,   0% used [0x00000007a5560000, 0x00000007a5560000, 0x00000007a6ab0000)
 concurrent mark-sweep generation total 393216K, used 10691K [0x00000007a8000000, 0x00000007c0000000, 0x00000007c0000000)
 Metaspace       used 34963K, capacity 35758K, committed 35940K, reserved 1081344K
  class space    used 4159K, capacity 4391K, committed 4452K, reserved 1048576K
}
2019-07-28T03:53:47.354-0900: 3415.480: Total time for which application threads were stopped: 0.0749386 seconds, Stopping threads took: 0.0000197 seconds
2019-07-28T03:53:48.355-0900: 3416.480: Total time for which application threads were stopped: 0.0002089 seconds, Stopping threads took: 0.0000529 seconds
{Heap before GC invocations=7 (full 1):
 par new generation   total 109248K, used 109248K [0x00000007a0000000, 0x00000007a8000000, 0x00000007a8000000)
  eden space 87424K, 100% used [0x00000007a0000000, 0x00000007a5560000, 0x00000007a5560000)
  from space 21824K, 100% used [0x00000007a6ab0000, 0x00000007a8000000, 0x00000007a8000000)
  to   space 21824K,   0% used [0x00000007a5560000, 0x00000007a5560000, 0x00000007a6ab0000)
 concurrent mark-sweep generation total 393216K, used 10691K [0x00000007a8000000, 0x00000007c0000000, 0x00000007c0000000)
 Metaspace       used 35030K, capacity 35886K, committed 36196K, reserved 1081344K
  class space    used 4160K, capacity 4391K, committed 4452K, reserved 1048576K
2019-07-28T03:53:48.647-0900: 3416.773: [GC (Allocation Failure) 2019-07-28T03:53:48.647-0900: 3416.773: [ParNew
Desired survivor size 20112992 bytes, new threshold 7 (max 8)
- age   1:    5248464 bytes,    5248464 total
- age   2:    4747920 bytes,    9996384 total
- age   3:    8215248 bytes,   18211632 total
- age   4:     818696 bytes,   19030328 total
- age   5:     173800 bytes,   19204128 total
- age   6:     123992 bytes,   19328120 total
- age   7:    1653120 bytes,   20981240 total
: 109248K->21824K(109248K), 0.0145914 secs] 119939K->37390K(502464K), 0.0146785 secs] [Times: user=0.04 sys=0.00, real=0.02 secs] 
Heap after GC invocations=8 (full 1):
 par new generation   total 109248K, used 21824K [0x00000007a0000000, 0x00000007a8000000, 0x00000007a8000000)
  eden space 87424K,   0% used [0x00000007a0000000, 0x00000007a0000000, 0x00000007a5560000)
  from space 21824K, 100% used [0x00000007a5560000, 0x00000007a6ab0000, 0x00000007a6ab0000)
  to   space 21824K,   0% used [0x00000007a6ab0000, 0x00000007a6ab0000, 0x00000007a8000000)
 concurrent mark-sweep generation total 393216K, used 15566K [0x00000007a8000000, 0x00000007c0000000, 0x00000007c0000000)
 Metaspace       used 35030K, capacity 35886K, committed 36196K, reserved 1081344K
  class space    used 4160K, capacity 4391K, committed 4452K, reserved 1048576K
}
2019-07-28T03:53:48.662-0900: 3416.787: Total time for which application threads were stopped: 0.0148412 seconds, Stopping threads took: 0.0000151 seconds
2019-07-28T03:53:49.663-0900: 3417.789: Total time for which application threads were stopped: 0.0001221 seconds, Stopping threads took: 0.0000483 seconds
{Heap before GC invocations=8 (full 1):
 par new generation   total 109248K, used 109248K [0x00000007a0000000, 0x00000007a8000000, 0x00000007a8000000)
  eden space 87424K, 100% used [0x00000007a0000000, 0x00000007a5560000, 0x00000007a5560000)
  from space 21824K, 100% used [0x00000007a5560000, 0x00000007a6ab0000, 0x00000007a6ab0000)
  to   space 21824K,   0% used [0x00000007a6ab0000, 0x00000007a6ab0000, 0x00000007a8000000)
 concurrent mark-sweep generation total 393216K, used 15566K [0x00000007a8000000, 0x00000007c0000000, 0x00000007c0000000)
 Metaspace       used 35037K, capacity 35886K, committed 36196K, reserved 1081344K
  class space    used 4160K, capacity 4391K, committed 4452K, reserved 1048576K
2019-07-28T03:53:49.794-0900: 3417.920: [GC (Allocation Failure) 2019-07-28T03:53:49.795-0900: 3417.920: [ParNew
Desired survivor size 20112992 bytes, new threshold 4 (max 8)
- age   1:    7058016 bytes,    7058016 total
- age   2:    1198544 bytes,    8256560 total
- age   3:    4207136 bytes,   12463696 total
- age   4:    8173608 bytes,   20637304 total
- age   5:     818584 bytes,   21455888 total
- age   6:     173800 bytes,   21629688 total
- age   7:     123048 bytes,   21752736 total
: 109248K->21824K(109248K), 0.0155437 secs] 124814K->43659K(502464K), 0.0156313 secs] [Times: user=0.04 sys=0.01, real=0.02 secs] 
Heap after GC invocations=9 (full 1):
 par new generation   total 109248K, used 21824K [0x00000007a0000000, 0x00000007a8000000, 0x00000007a8000000)
  eden space 87424K,   0% used [0x00000007a0000000, 0x00000007a0000000, 0x00000007a5560000)
  from space 21824K, 100% used [0x00000007a6ab0000, 0x00000007a8000000, 0x00000007a8000000)
  to   space 21824K,   0% used [0x00000007a5560000, 0x00000007a5560000, 0x00000007a6ab0000)
 concurrent mark-sweep generation total 393216K, used 21835K [0x00000007a8000000, 0x00000007c0000000, 0x00000007c0000000)
 Metaspace       used 35037K, capacity 35886K, committed 36196K, reserved 1081344K
  class space    used 4160K, capacity 4391K, committed 4452K, reserved 1048576K
}
2019-07-28T03:53:49.810-0900: 3417.936: Total time for which application threads were stopped: 0.0157809 seconds, Stopping threads took: 0.0000159 seconds
2019-07-28T03:53:50.810-0900: 3418.936: Total time for which application threads were stopped: 0.0001206 seconds, Stopping threads took: 0.0000481 seconds
{Heap before GC invocations=9 (full 1):
 par new generation   total 109248K, used 109248K [0x00000007a0000000, 0x00000007a8000000, 0x00000007a8000000)
  eden space 87424K, 100% used [0x00000007a0000000, 0x00000007a5560000, 0x00000007a5560000)
  from space 21824K, 100% used [0x00000007a6ab0000, 0x00000007a8000000, 0x00000007a8000000)
  to   space 21824K,   0% used [0x00000007a5560000, 0x00000007a5560000, 0x00000007a6ab0000)
 concurrent mark-sweep generation total 393216K, used 21835K [0x00000007a8000000, 0x00000007c0000000, 0x00000007c0000000)
 Metaspace       used 35037K, capacity 35886K, committed 36196K, reserved 1081344K
  class space    used 4160K, capacity 4391K, committed 4452K, reserved 1048576K
2019-07-28T03:53:50.949-0900: 3419.075: [GC (Allocation Failure) 2019-07-28T03:53:50.949-0900: 3419.075: [ParNew
Desired survivor size 20112992 bytes, new threshold 8 (max 8)
- age   1:    5611416 bytes,    5611416 total
- age   2:    4410496 bytes,   10021912 total
- age   3:     932656 bytes,   10954568 total
- age   4:    4117464 bytes,   15072032 total
: 109248K->21824K(109248K), 0.0172294 secs] 131083K->56730K(502464K), 0.0173026 secs] [Times: user=0.05 sys=0.01, real=0.02 secs] 
Heap after GC invocations=10 (full 1):
 par new generation   total 109248K, used 21824K [0x00000007a0000000, 0x00000007a8000000, 0x00000007a8000000)
  eden space 87424K,   0% used [0x00000007a0000000, 0x00000007a0000000, 0x00000007a5560000)
  from space 21824K, 100% used [0x00000007a5560000, 0x00000007a6ab0000, 0x00000007a6ab0000)
  to   space 21824K,   0% used [0x00000007a6ab0000, 0x00000007a6ab0000, 0x00000007a8000000)
 concurrent mark-sweep generation total 393216K, used 34906K [0x00000007a8000000, 0x00000007c0000000, 0x00000007c0000000)
 Metaspace       used 35037K, capacity 35886K, committed 36196K, reserved 1081344K
  class space    used 4160K, capacity 4391K, committed 4452K, reserved 1048576K
}
2019-07-28T03:53:50.967-0900: 3419.092: Total time for which application threads were stopped: 0.0174321 seconds, Stopping threads took: 0.0000146 seconds
2019-07-28T03:53:51.967-0900: 3420.093: Total time for which application threads were stopped: 0.0001880 seconds, Stopping threads took: 0.0001111 seconds
{Heap before GC invocations=10 (full 1):
 par new generation   total 109248K, used 109248K [0x00000007a0000000, 0x00000007a8000000, 0x00000007a8000000)
  eden space 87424K, 100% used [0x00000007a0000000, 0x00000007a5560000, 0x00000007a5560000)
  from space 21824K, 100% used [0x00000007a5560000, 0x00000007a6ab0000, 0x00000007a6ab0000)
  to   space 21824K,   0% used [0x00000007a6ab0000, 0x00000007a6ab0000, 0x00000007a8000000)
 concurrent mark-sweep generation total 393216K, used 34906K [0x00000007a8000000, 0x00000007c0000000, 0x00000007c0000000)
 Metaspace       used 35043K, capacity 35886K, committed 36196K, reserved 1081344K
  class space    used 4160K, capacity 4391K, committed 4452K, reserved 1048576K
2019-07-28T03:53:52.190-0900: 3420.316: [GC (Allocation Failure) 2019-07-28T03:53:52.190-0900: 3420.316: [ParNew
Desired survivor size 20112992 bytes, new threshold 5 (max 8)
- age   1:    6807984 bytes,    6807984 total
- age   2:    3954680 bytes,   10762664 total
- age   3:    4395312 bytes,   15157976 total
- age   4:     932656 bytes,   16090632 total
- age   5:    4117280 bytes,   20207912 total
: 109248K->21824K(109248K), 0.0132636 secs] 144154K->57757K(502464K), 0.0133341 secs] [Times: user=0.04 sys=0.00, real=0.01 secs] 
Heap after GC invocations=11 (full 1):
 par new generation   total 109248K, used 21824K [0x00000007a0000000, 0x00000007a8000000, 0x00000007a8000000)
  eden space 87424K,   0% used [0x00000007a0000000, 0x00000007a0000000, 0x00000007a5560000)
  from space 21824K, 100% used [0x00000007a6ab0000, 0x00000007a8000000, 0x00000007a8000000)
  to   space 21824K,   0% used [0x00000007a5560000, 0x00000007a5560000, 0x00000007a6ab0000)
 concurrent mark-sweep generation total 393216K, used 35933K [0x00000007a8000000, 0x00000007c0000000, 0x00000007c0000000)
 Metaspace       used 35043K, capacity 35886K, committed 36196K, reserved 1081344K
  class space    used 4160K, capacity 4391K, committed 4452K, reserved 1048576K
}
2019-07-28T03:53:52.204-0900: 3420.329: Total time for which application threads were stopped: 0.0134680 seconds, Stopping threads took: 0.0000158 seconds
2019-07-28T03:53:53.209-0900: 3421.334: Total time for which application threads were stopped: 0.0001093 seconds, Stopping threads took: 0.0000382 seconds
{Heap before GC invocations=11 (full 1):
 par new generation   total 109248K, used 109248K [0x00000007a0000000, 0x00000007a8000000, 0x00000007a8000000)
  eden space 87424K, 100% used [0x00000007a0000000, 0x00000007a5560000, 0x00000007a5560000)
  from space 21824K, 100% used [0x00000007a6ab0000, 0x00000007a8000000, 0x00000007a8000000)
  to   space 21824K,   0% used [0x00000007a5560000, 0x00000007a5560000, 0x00000007a6ab0000)
 concurrent mark-sweep generation total 393216K, used 35933K [0x00000007a8000000, 0x00000007c0000000, 0x00000007c0000000)
 Metaspace       used 35044K, capacity 35886K, committed 36196K, reserved 1081344K
  class space    used 4160K, capacity 4391K, committed 4452K, reserved 1048576K
2019-07-28T03:53:53.585-0900: 3421.711: [GC (Allocation Failure) 2019-07-28T03:53:53.585-0900: 3421.711: [ParNew
Desired survivor size 20112992 bytes, new threshold 8 (max 8)
- age   1:    5603344 bytes,    5603344 total
- age   2:    6447232 bytes,   12050576 total
- age   3:    3493544 bytes,   15544120 total
- age   4:    3621008 bytes,   19165128 total
- age   5:     817440 bytes,   19982568 total
: 109248K->21824K(109248K), 0.0116812 secs] 145181K->63937K(502464K), 0.0117633 secs] [Times: user=0.04 sys=0.01, real=0.01 secs] 
Heap after GC invocations=12 (full 1):
 par new generation   total 109248K, used 21824K [0x00000007a0000000, 0x00000007a8000000, 0x00000007a8000000)
  eden space 87424K,   0% used [0x00000007a0000000, 0x00000007a0000000, 0x00000007a5560000)
  from space 21824K, 100% used [0x00000007a5560000, 0x00000007a6ab0000, 0x00000007a6ab0000)
  to   space 21824K,   0% used [0x00000007a6ab0000, 0x00000007a6ab0000, 0x00000007a8000000)
 concurrent mark-sweep generation total 393216K, used 42113K [0x00000007a8000000, 0x00000007c0000000, 0x00000007c0000000)
 Metaspace       used 35044K, capacity 35886K, committed 36196K, reserved 1081344K
  class space    used 4160K, capacity 4391K, committed 4452K, reserved 1048576K
}
2019-07-28T03:53:53.597-0900: 3421.723: Total time for which application threads were stopped: 0.0119439 seconds, Stopping threads took: 0.0000212 seconds
2019-07-28T03:53:53.926-0900: 3422.052: Total time for which application threads were stopped: 0.0001694 seconds, Stopping threads took: 0.0001085 seconds
2019-07-28T03:53:53.964-0900: 3422.090: Total time for which application threads were stopped: 0.0001704 seconds, Stopping threads took: 0.0000161 seconds
2019-07-28T03:53:53.980-0900: 3422.105: Total time for which application threads were stopped: 0.0001666 seconds, Stopping threads took: 0.0000152 seconds
2019-07-28T03:53:54.013-0900: 3422.139: Total time for which application threads were stopped: 0.0000957 seconds, Stopping threads took: 0.0000183 seconds
2019-07-28T03:53:54.013-0900: 3422.139: Total time for which application threads were stopped: 0.0000521 seconds, Stopping threads took: 0.0000099 seconds
{Heap before GC invocations=12 (full 1):
 par new generation   total 109248K, used 109248K [0x00000007a0000000, 0x00000007a8000000, 0x00000007a8000000)
  eden space 87424K, 100% used [0x00000007a0000000, 0x00000007a5560000, 0x00000007a5560000)
  from space 21824K, 100% used [0x00000007a5560000, 0x00000007a6ab0000, 0x00000007a6ab0000)
  to   space 21824K,   0% used [0x00000007a6ab0000, 0x00000007a6ab0000, 0x00000007a8000000)
 concurrent mark-sweep generation total 393216K, used 42113K [0x00000007a8000000, 0x00000007c0000000, 0x00000007c0000000)
 Metaspace       used 35173K, capacity 35950K, committed 36196K, reserved 1081344K
  class space    used 4165K, capacity 4391K, committed 4452K, reserved 1048576K
2019-07-28T03:53:54.439-0900: 3422.565: [GC (Allocation Failure) 2019-07-28T03:53:54.439-0900: 3422.565: [ParNew
Desired survivor size 20112992 bytes, new threshold 8 (max 8)
- age   1:    1131032 bytes,    1131032 total
- age   2:    4850104 bytes,    5981136 total
- age   3:    6094400 bytes,   12075536 total
- age   4:    3109808 bytes,   15185344 total
- age   5:    3553224 bytes,   18738568 total
- age   6:     796424 bytes,   19534992 total
: 109248K->21824K(109248K), 0.0106038 secs] 151361K->66021K(502464K), 0.0106801 secs] [Times: user=0.04 sys=0.00, real=0.02 secs] 
Heap after GC invocations=13 (full 1):
 par new generation   total 109248K, used 21824K [0x00000007a0000000, 0x00000007a8000000, 0x00000007a8000000)
  eden space 87424K,   0% used [0x00000007a0000000, 0x00000007a0000000, 0x00000007a5560000)
  from space 21824K, 100% used [0x00000007a6ab0000, 0x00000007a8000000, 0x00000007a8000000)
  to   space 21824K,   0% used [0x00000007a5560000, 0x00000007a5560000, 0x00000007a6ab0000)
 concurrent mark-sweep generation total 393216K, used 44197K [0x00000007a8000000, 0x00000007c0000000, 0x00000007c0000000)
 Metaspace       used 35173K, capacity 35950K, committed 36196K, reserved 1081344K
  class space    used 4165K, capacity 4391K, committed 4452K, reserved 1048576K
}
2019-07-28T03:53:54.450-0900: 3422.575: Total time for which application threads were stopped: 0.0108705 seconds, Stopping threads took: 0.0000148 seconds
2019-07-28T03:53:54.541-0900: 3422.667: Total time for which application threads were stopped: 0.0000788 seconds, Stopping threads took: 0.0000161 seconds
2019-07-28T03:53:54.562-0900: 3422.688: Total time for which application threads were stopped: 0.0000735 seconds, Stopping threads took: 0.0000162 seconds
2019-07-28T03:53:54.571-0900: 3422.697: Total time for which application threads were stopped: 0.0000654 seconds, Stopping threads took: 0.0000140 seconds
2019-07-28T03:53:54.619-0900: 3422.745: Total time for which application threads were stopped: 0.0000928 seconds, Stopping threads took: 0.0000293 seconds
2019-07-28T03:53:54.619-0900: 3422.745: Total time for which application threads were stopped: 0.0000638 seconds, Stopping threads took: 0.0000222 seconds
2019-07-28T03:53:54.619-0900: 3422.745: Total time for which application threads were stopped: 0.0000668 seconds, Stopping threads took: 0.0000296 seconds
2019-07-28T03:53:54.619-0900: 3422.745: Total time for which application threads were stopped: 0.0000523 seconds, Stopping threads took: 0.0000160 seconds
2019-07-28T03:53:54.620-0900: 3422.745: Total time for which application threads were stopped: 0.0000677 seconds, Stopping threads took: 0.0000177 seconds
2019-07-28T03:53:54.620-0900: 3422.746: Total time for which application threads were stopped: 0.0000756 seconds, Stopping threads took: 0.0000211 seconds
2019-07-28T03:53:54.621-0900: 3422.746: Total time for which application threads were stopped: 0.0000783 seconds, Stopping threads took: 0.0000167 seconds
2019-07-28T03:53:54.621-0900: 3422.746: Total time for which application threads were stopped: 0.0000395 seconds, Stopping threads took: 0.0000069 seconds
2019-07-28T03:53:54.621-0900: 3422.746: Total time for which application threads were stopped: 0.0000718 seconds, Stopping threads took: 0.0000350 seconds
2019-07-28T03:53:54.621-0900: 3422.747: Total time for which application threads were stopped: 0.0000583 seconds, Stopping threads took: 0.0000197 seconds
2019-07-28T03:53:54.621-0900: 3422.747: Total time for which application threads were stopped: 0.0000482 seconds, Stopping threads took: 0.0000171 seconds
2019-07-28T03:53:54.621-0900: 3422.747: Total time for which application threads were stopped: 0.0000521 seconds, Stopping threads took: 0.0000218 seconds
2019-07-28T03:53:54.621-0900: 3422.747: Total time for which application threads were stopped: 0.0000438 seconds, Stopping threads took: 0.0000158 seconds
2019-07-28T03:53:54.622-0900: 3422.748: Total time for which application threads were stopped: 0.0001167 seconds, Stopping threads took: 0.0000736 seconds
2019-07-28T03:53:54.623-0900: 3422.749: Total time for which application threads were stopped: 0.0000891 seconds, Stopping threads took: 0.0000293 seconds
2019-07-28T03:53:54.623-0900: 3422.749: Total time for which application threads were stopped: 0.0000651 seconds, Stopping threads took: 0.0000232 seconds
2019-07-28T03:53:54.627-0900: 3422.753: Total time for which application threads were stopped: 0.0000586 seconds, Stopping threads took: 0.0000129 seconds
2019-07-28T03:53:54.654-0900: 3422.780: Total time for which application threads were stopped: 0.0000882 seconds, Stopping threads took: 0.0000152 seconds
2019-07-28T03:53:55.656-0900: 3423.782: Total time for which application threads were stopped: 0.0000953 seconds, Stopping threads took: 0.0000166 seconds
2019-07-28T03:57:18.776-0900: 3626.899: Total time for which application threads were stopped: 0.0000608 seconds, Stopping threads took: 0.0000187 seconds
2019-07-28T03:57:18.776-0900: 3626.900: Total time for which application threads were stopped: 0.0000572 seconds, Stopping threads took: 0.0000280 seconds
2019-07-28T03:57:19.776-0900: 3627.900: Total time for which application threads were stopped: 0.0001838 seconds, Stopping threads took: 0.0000692 seconds
{Heap before GC invocations=13 (full 1):
 par new generation   total 109248K, used 109248K [0x00000007a0000000, 0x00000007a8000000, 0x00000007a8000000)
  eden space 87424K, 100% used [0x00000007a0000000, 0x00000007a5560000, 0x00000007a5560000)
  from space 21824K, 100% used [0x00000007a6ab0000, 0x00000007a8000000, 0x00000007a8000000)
  to   space 21824K,   0% used [0x00000007a5560000, 0x00000007a5560000, 0x00000007a6ab0000)
 concurrent mark-sweep generation total 393216K, used 44197K [0x00000007a8000000, 0x00000007c0000000, 0x00000007c0000000)
 Metaspace       used 35217K, capacity 36052K, committed 36196K, reserved 1081344K
  class space    used 4168K, capacity 4424K, committed 4452K, reserved 1048576K
2019-07-28T03:57:19.789-0900: 3627.912: [GC (Allocation Failure) 2019-07-28T03:57:19.794-0900: 3627.918: [ParNew
Desired survivor size 20112992 bytes, new threshold 8 (max 8)
- age   1:    1277160 bytes,    1277160 total
- age   2:     485480 bytes,    1762640 total
- age   3:    3557880 bytes,    5320520 total
- age   4:    6007832 bytes,   11328352 total
- age   5:    3044456 bytes,   14372808 total
- age   6:    3444392 bytes,   17817200 total
- age   7:     796088 bytes,   18613288 total
: 109248K->21824K(109248K), 0.0133562 secs] 153445K->72127K(502464K), 0.0188658 secs] [Times: user=0.04 sys=0.00, real=0.02 secs] 
Heap after GC invocations=14 (full 1):
 par new generation   total 109248K, used 21824K [0x00000007a0000000, 0x00000007a8000000, 0x00000007a8000000)
  eden space 87424K,   0% used [0x00000007a0000000, 0x00000007a0000000, 0x00000007a5560000)
  from space 21824K, 100% used [0x00000007a5560000, 0x00000007a6ab0000, 0x00000007a6ab0000)
  to   space 21824K,   0% used [0x00000007a6ab0000, 0x00000007a6ab0000, 0x00000007a8000000)
 concurrent mark-sweep generation total 393216K, used 50303K [0x00000007a8000000, 0x00000007c0000000, 0x00000007c0000000)
 Metaspace       used 35217K, capacity 36052K, committed 36196K, reserved 1081344K
  class space    used 4168K, capacity 4424K, committed 4452K, reserved 1048576K
}
2019-07-28T03:57:19.808-0900: 3627.931: Total time for which application threads were stopped: 0.0190101 seconds, Stopping threads took: 0.0000116 seconds
2019-07-28T03:57:20.809-0900: 3628.932: Total time for which application threads were stopped: 0.0001285 seconds, Stopping threads took: 0.0000556 seconds
{Heap before GC invocations=14 (full 1):
 par new generation   total 109248K, used 109248K [0x00000007a0000000, 0x00000007a8000000, 0x00000007a8000000)
  eden space 87424K, 100% used [0x00000007a0000000, 0x00000007a5560000, 0x00000007a5560000)
  from space 21824K, 100% used [0x00000007a5560000, 0x00000007a6ab0000, 0x00000007a6ab0000)
  to   space 21824K,   0% used [0x00000007a6ab0000, 0x00000007a6ab0000, 0x00000007a8000000)
 concurrent mark-sweep generation total 393216K, used 50303K [0x00000007a8000000, 0x00000007c0000000, 0x00000007c0000000)
 Metaspace       used 35219K, capacity 36052K, committed 36196K, reserved 1081344K
  class space    used 4168K, capacity 4424K, committed 4452K, reserved 1048576K
2019-07-28T03:57:21.040-0900: 3629.164: [GC (Allocation Failure) 2019-07-28T03:57:21.040-0900: 3629.164: [ParNew
Desired survivor size 20112992 bytes, new threshold 8 (max 8)
- age   1:    3908800 bytes,    3908800 total
- age   2:     615840 bytes,    4524640 total
- age   3:     420208 bytes,    4944848 total
- age   4:    3196224 bytes,    8141072 total
- age   5:    4376912 bytes,   12517984 total
- age   6:    3008672 bytes,   15526656 total
- age   7:    3398048 bytes,   18924704 total
- age   8:     793504 bytes,   19718208 total
: 109248K->21824K(109248K), 0.0112346 secs] 159551K->78114K(502464K), 0.0113212 secs] [Times: user=0.03 sys=0.00, real=0.01 secs] 
Heap after GC invocations=15 (full 1):
 par new generation   total 109248K, used 21824K [0x00000007a0000000, 0x00000007a8000000, 0x00000007a8000000)
  eden space 87424K,   0% used [0x00000007a0000000, 0x00000007a0000000, 0x00000007a5560000)
  from space 21824K, 100% used [0x00000007a6ab0000, 0x00000007a8000000, 0x00000007a8000000)
  to   space 21824K,   0% used [0x00000007a5560000, 0x00000007a5560000, 0x00000007a6ab0000)
 concurrent mark-sweep generation total 393216K, used 56290K [0x00000007a8000000, 0x00000007c0000000, 0x00000007c0000000)
 Metaspace       used 35219K, capacity 36052K, committed 36196K, reserved 1081344K
  class space    used 4168K, capacity 4424K, committed 4452K, reserved 1048576K
}
2019-07-28T03:57:21.051-0900: 3629.175: Total time for which application threads were stopped: 0.0114664 seconds, Stopping threads took: 0.0000187 seconds
{Heap before GC invocations=15 (full 1):
 par new generation   total 109248K, used 109248K [0x00000007a0000000, 0x00000007a8000000, 0x00000007a8000000)
  eden space 87424K, 100% used [0x00000007a0000000, 0x00000007a5560000, 0x00000007a5560000)
  from space 21824K, 100% used [0x00000007a6ab0000, 0x00000007a8000000, 0x00000007a8000000)
  to   space 21824K,   0% used [0x00000007a5560000, 0x00000007a5560000, 0x00000007a6ab0000)
 concurrent mark-sweep generation total 393216K, used 56290K [0x00000007a8000000, 0x00000007c0000000, 0x00000007c0000000)
 Metaspace       used 35220K, capacity 36052K, committed 36196K, reserved 1081344K
  class space    used 4168K, capacity 4424K, committed 4452K, reserved 1048576K
2019-07-28T03:57:22.213-0900: 3630.337: [GC (Allocation Failure) 2019-07-28T03:57:22.213-0900: 3630.337: [ParNew
Desired survivor size 20112992 bytes, new threshold 8 (max 8)
- age   1:    4593224 bytes,    4593224 total
- age   2:    2886984 bytes,    7480208 total
- age   3:     465632 bytes,    7945840 total
- age   4:     231280 bytes,    8177120 total
- age   5:    2606488 bytes,   10783608 total
- age   6:    4343608 bytes,   15127216 total
- age   7:    2984904 bytes,   18112120 total
- age   8:    3364760 bytes,   21476880 total
: 109248K->21824K(109248K), 0.0106668 secs] 165538K->83888K(502464K), 0.0107630 secs] [Times: user=0.03 sys=0.00, real=0.01 secs] 
Heap after GC invocations=16 (full 1):
 par new generation   total 109248K, used 21824K [0x00000007a0000000, 0x00000007a8000000, 0x00000007a8000000)
  eden space 87424K,   0% used [0x00000007a0000000, 0x00000007a0000000, 0x00000007a5560000)
  from space 21824K, 100% used [0x00000007a5560000, 0x00000007a6ab0000, 0x00000007a6ab0000)
  to   space 21824K,   0% used [0x00000007a6ab0000, 0x00000007a6ab0000, 0x00000007a8000000)
 concurrent mark-sweep generation total 393216K, used 62064K [0x00000007a8000000, 0x00000007c0000000, 0x00000007c0000000)
 Metaspace       used 35220K, capacity 36052K, committed 36196K, reserved 1081344K
  class space    used 4168K, capacity 4424K, committed 4452K, reserved 1048576K
}
2019-07-28T03:57:22.224-0900: 3630.348: Total time for which application threads were stopped: 0.0109224 seconds, Stopping threads took: 0.0000161 seconds
2019-07-28T03:57:23.229-0900: 3631.353: Total time for which application threads were stopped: 0.0001032 seconds, Stopping threads took: 0.0000470 seconds
{Heap before GC invocations=16 (full 1):
 par new generation   total 109248K, used 109248K [0x00000007a0000000, 0x00000007a8000000, 0x00000007a8000000)
  eden space 87424K, 100% used [0x00000007a0000000, 0x00000007a5560000, 0x00000007a5560000)
  from space 21824K, 100% used [0x00000007a5560000, 0x00000007a6ab0000, 0x00000007a6ab0000)
  to   space 21824K,   0% used [0x00000007a6ab0000, 0x00000007a6ab0000, 0x00000007a8000000)
 concurrent mark-sweep generation total 393216K, used 62064K [0x00000007a8000000, 0x00000007c0000000, 0x00000007c0000000)
 Metaspace       used 35220K, capacity 36052K, committed 36196K, reserved 1081344K
  class space    used 4168K, capacity 4424K, committed 4452K, reserved 1048576K
2019-07-28T03:57:23.451-0900: 3631.575: [GC (Allocation Failure) 2019-07-28T03:57:23.451-0900: 3631.575: [ParNew
Desired survivor size 20112992 bytes, new threshold 8 (max 8)
- age   1:    8038408 bytes,    8038408 total
- age   2:    3069688 bytes,   11108096 total
- age   3:    2416496 bytes,   13524592 total
- age   4:     418464 bytes,   13943056 total
- age   5:     226504 bytes,   14169560 total
- age   6:    1020824 bytes,   15190384 total
- age   7:    3418760 bytes,   18609144 total
- age   8:    2621032 bytes,   21230176 total
: 109248K->21824K(109248K), 0.0157190 secs] 171312K->90394K(502464K), 0.0158138 secs] [Times: user=0.04 sys=0.01, real=0.01 secs] 
Heap after GC invocations=17 (full 1):
 par new generation   total 109248K, used 21824K [0x00000007a0000000, 0x00000007a8000000, 0x00000007a8000000)
  eden space 87424K,   0% used [0x00000007a0000000, 0x00000007a0000000, 0x00000007a5560000)
  from space 21824K, 100% used [0x00000007a6ab0000, 0x00000007a8000000, 0x00000007a8000000)
  to   space 21824K,   0% used [0x00000007a5560000, 0x00000007a5560000, 0x00000007a6ab0000)
 concurrent mark-sweep generation total 393216K, used 68570K [0x00000007a8000000, 0x00000007c0000000, 0x00000007c0000000)
 Metaspace       used 35220K, capacity 36052K, committed 36196K, reserved 1081344K
  class space    used 4168K, capacity 4424K, committed 4452K, reserved 1048576K
}
2019-07-28T03:57:23.467-0900: 3631.591: Total time for which application threads were stopped: 0.0159674 seconds, Stopping threads took: 0.0000153 seconds
2019-07-28T03:57:24.472-0900: 3632.595: Total time for which application threads were stopped: 0.0001103 seconds, Stopping threads took: 0.0000510 seconds
{Heap before GC invocations=17 (full 1):
 par new generation   total 109248K, used 109248K [0x00000007a0000000, 0x00000007a8000000, 0x00000007a8000000)
  eden space 87424K, 100% used [0x00000007a0000000, 0x00000007a5560000, 0x00000007a5560000)
  from space 21824K, 100% used [0x00000007a6ab0000, 0x00000007a8000000, 0x00000007a8000000)
  to   space 21824K,   0% used [0x00000007a5560000, 0x00000007a5560000, 0x00000007a6ab0000)
 concurrent mark-sweep generation total 393216K, used 68570K [0x00000007a8000000, 0x00000007c0000000, 0x00000007c0000000)
 Metaspace       used 35221K, capacity 36052K, committed 36196K, reserved 1081344K
  class space    used 4168K, capacity 4424K, committed 4452K, reserved 1048576K
2019-07-28T03:57:24.773-0900: 3632.896: [GC (Allocation Failure) 2019-07-28T03:57:24.773-0900: 3632.896: [ParNew
Desired survivor size 20112992 bytes, new threshold 8 (max 8)
- age   1:    5335120 bytes,    5335120 total
- age   2:    5563016 bytes,   10898136 total
- age   3:    2790496 bytes,   13688632 total
- age   4:    2217232 bytes,   15905864 total
- age   5:     357784 bytes,   16263648 total
- age   6:     220144 bytes,   16483792 total
- age   7:     998280 bytes,   17482072 total
- age   8:    3394104 bytes,   20876176 total
: 109248K->21824K(109248K), 0.0134557 secs] 177818K->96416K(502464K), 0.0135597 secs] [Times: user=0.04 sys=0.00, real=0.01 secs] 
Heap after GC invocations=18 (full 1):
 par new generation   total 109248K, used 21824K [0x00000007a0000000, 0x00000007a8000000, 0x00000007a8000000)
  eden space 87424K,   0% used [0x00000007a0000000, 0x00000007a0000000, 0x00000007a5560000)
  from space 21824K, 100% used [0x00000007a5560000, 0x00000007a6ab0000, 0x00000007a6ab0000)
  to   space 21824K,   0% used [0x00000007a6ab0000, 0x00000007a6ab0000, 0x00000007a8000000)
 concurrent mark-sweep generation total 393216K, used 74592K [0x00000007a8000000, 0x00000007c0000000, 0x00000007c0000000)
 Metaspace       used 35221K, capacity 36052K, committed 36196K, reserved 1081344K
  class space    used 4168K, capacity 4424K, committed 4452K, reserved 1048576K
}
2019-07-28T03:57:24.786-0900: 3632.910: Total time for which application threads were stopped: 0.0137704 seconds, Stopping threads took: 0.0000189 seconds
2019-07-28T03:57:25.786-0900: 3633.910: Total time for which application threads were stopped: 0.0001136 seconds, Stopping threads took: 0.0000643 seconds
2019-07-28T03:57:25.904-0900: 3634.027: Total time for which application threads were stopped: 0.0001033 seconds, Stopping threads took: 0.0000472 seconds
2019-07-28T03:57:25.951-0900: 3634.075: Total time for which application threads were stopped: 0.0001585 seconds, Stopping threads took: 0.0000207 seconds
2019-07-28T03:57:25.959-0900: 3634.083: Total time for which application threads were stopped: 0.0001298 seconds, Stopping threads took: 0.0000386 seconds
2019-07-28T03:57:25.990-0900: 3634.114: Total time for which application threads were stopped: 0.0000790 seconds, Stopping threads took: 0.0000163 seconds
2019-07-28T03:57:25.990-0900: 3634.114: Total time for which application threads were stopped: 0.0000562 seconds, Stopping threads took: 0.0000108 seconds
{Heap before GC invocations=18 (full 1):
 par new generation   total 109248K, used 109248K [0x00000007a0000000, 0x00000007a8000000, 0x00000007a8000000)
  eden space 87424K, 100% used [0x00000007a0000000, 0x00000007a5560000, 0x00000007a5560000)
  from space 21824K, 100% used [0x00000007a5560000, 0x00000007a6ab0000, 0x00000007a6ab0000)
  to   space 21824K,   0% used [0x00000007a6ab0000, 0x00000007a6ab0000, 0x00000007a8000000)
 concurrent mark-sweep generation total 393216K, used 74592K [0x00000007a8000000, 0x00000007c0000000, 0x00000007c0000000)
 Metaspace       used 35256K, capacity 36116K, committed 36196K, reserved 1081344K
  class space    used 4169K, capacity 4424K, committed 4452K, reserved 1048576K
2019-07-28T03:57:26.087-0900: 3634.210: [GC (Allocation Failure) 2019-07-28T03:57:26.087-0900: 3634.210: [ParNew
Desired survivor size 20112992 bytes, new threshold 8 (max 8)
- age   1:    3608640 bytes,    3608640 total
- age   2:    4602000 bytes,    8210640 total
- age   3:    4711664 bytes,   12922304 total
- age   4:    2786120 bytes,   15708424 total
- age   5:    2216352 bytes,   17924776 total
- age   6:     356680 bytes,   18281456 total
- age   7:     219904 bytes,   18501360 total
- age   8:     997704 bytes,   19499064 total
: 109248K->21824K(109248K), 0.0109922 secs] 183840K->102826K(502464K), 0.0110829 secs] [Times: user=0.04 sys=0.00, real=0.01 secs] 
Heap after GC invocations=19 (full 1):
 par new generation   total 109248K, used 21824K [0x00000007a0000000, 0x00000007a8000000, 0x00000007a8000000)
  eden space 87424K,   0% used [0x00000007a0000000, 0x00000007a0000000, 0x00000007a5560000)
  from space 21824K, 100% used [0x00000007a6ab0000, 0x00000007a8000000, 0x00000007a8000000)
  to   space 21824K,   0% used [0x00000007a5560000, 0x00000007a5560000, 0x00000007a6ab0000)
 concurrent mark-sweep generation total 393216K, used 81002K [0x00000007a8000000, 0x00000007c0000000, 0x00000007c0000000)
 Metaspace       used 35256K, capacity 36116K, committed 36196K, reserved 1081344K
  class space    used 4169K, capacity 4424K, committed 4452K, reserved 1048576K
}
2019-07-28T03:57:26.098-0900: 3634.222: Total time for which application threads were stopped: 0.0112415 seconds, Stopping threads took: 0.0000157 seconds
2019-07-28T03:57:26.551-0900: 3634.675: Total time for which application threads were stopped: 0.0001265 seconds, Stopping threads took: 0.0000341 seconds
2019-07-28T03:57:26.551-0900: 3634.675: Total time for which application threads were stopped: 0.0000622 seconds, Stopping threads took: 0.0000172 seconds
2019-07-28T03:57:26.551-0900: 3634.675: Total time for which application threads were stopped: 0.0000584 seconds, Stopping threads took: 0.0000216 seconds
2019-07-28T03:57:26.552-0900: 3634.675: Total time for which application threads were stopped: 0.0000543 seconds, Stopping threads took: 0.0000167 seconds
2019-07-28T03:57:26.552-0900: 3634.675: Total time for which application threads were stopped: 0.0000517 seconds, Stopping threads took: 0.0000184 seconds
2019-07-28T03:57:26.553-0900: 3634.677: Total time for which application threads were stopped: 0.0000697 seconds, Stopping threads took: 0.0000122 seconds
2019-07-28T03:57:26.557-0900: 3634.681: Total time for which application threads were stopped: 0.0000627 seconds, Stopping threads took: 0.0000155 seconds
2019-07-28T03:57:26.583-0900: 3634.707: Total time for which application threads were stopped: 0.0001337 seconds, Stopping threads took: 0.0000722 seconds
2019-07-28T03:58:10.888-0900: 3679.011: Total time for which application threads were stopped: 0.0000866 seconds, Stopping threads took: 0.0000177 seconds
2019-07-28T03:58:10.888-0900: 3679.011: Total time for which application threads were stopped: 0.0001262 seconds, Stopping threads took: 0.0000446 seconds
2019-07-28T03:58:10.889-0900: 3679.013: Total time for which application threads were stopped: 0.0001804 seconds, Stopping threads took: 0.0001308 seconds
2019-07-28T03:58:10.891-0900: 3679.014: Total time for which application threads were stopped: 0.0002077 seconds, Stopping threads took: 0.0000329 seconds
2019-07-28T03:58:11.892-0900: 3680.016: Total time for which application threads were stopped: 0.0001895 seconds, Stopping threads took: 0.0001155 seconds
2019-07-28T03:58:12.683-0900: 3680.806: Total time for which application threads were stopped: 0.0000632 seconds, Stopping threads took: 0.0000152 seconds
2019-07-28T03:58:12.684-0900: 3680.807: Total time for which application threads were stopped: 0.0000838 seconds, Stopping threads took: 0.0000210 seconds
2019-07-28T03:58:12.685-0900: 3680.809: Total time for which application threads were stopped: 0.0001034 seconds, Stopping threads took: 0.0000126 seconds
2019-07-28T03:58:12.686-0900: 3680.809: Total time for which application threads were stopped: 0.0003157 seconds, Stopping threads took: 0.0002585 seconds
2019-07-28T03:58:12.693-0900: 3680.816: Total time for which application threads were stopped: 0.0000786 seconds, Stopping threads took: 0.0000198 seconds
2019-07-28T03:58:12.703-0900: 3680.826: Total time for which application threads were stopped: 0.0000987 seconds, Stopping threads took: 0.0000227 seconds
2019-07-28T03:58:12.705-0900: 3680.828: Total time for which application threads were stopped: 0.0000886 seconds, Stopping threads took: 0.0000293 seconds
2019-07-28T03:58:12.705-0900: 3680.828: Total time for which application threads were stopped: 0.0000649 seconds, Stopping threads took: 0.0000233 seconds
2019-07-28T03:58:12.706-0900: 3680.829: Total time for which application threads were stopped: 0.0000847 seconds, Stopping threads took: 0.0000285 seconds
2019-07-28T03:58:12.706-0900: 3680.829: Total time for which application threads were stopped: 0.0000662 seconds, Stopping threads took: 0.0000239 seconds
2019-07-28T03:58:12.707-0900: 3680.830: Total time for which application threads were stopped: 0.0000731 seconds, Stopping threads took: 0.0000183 seconds
2019-07-28T03:58:13.709-0900: 3681.833: Total time for which application threads were stopped: 0.0000958 seconds, Stopping threads took: 0.0000290 seconds
2019-07-28T04:00:02.972-0900: 3791.095: Total time for which application threads were stopped: 0.0001341 seconds, Stopping threads took: 0.0000424 seconds
2019-07-28T04:03:49.828-0900: 4017.948: Total time for which application threads were stopped: 0.0007620 seconds, Stopping threads took: 0.0002686 seconds
2019-07-28T04:03:49.828-0900: 4017.948: Total time for which application threads were stopped: 0.0001015 seconds, Stopping threads took: 0.0000289 seconds
{Heap before GC invocations=19 (full 1):
 par new generation   total 109248K, used 109248K [0x00000007a0000000, 0x00000007a8000000, 0x00000007a8000000)
  eden space 87424K, 100% used [0x00000007a0000000, 0x00000007a5560000, 0x00000007a5560000)
  from space 21824K, 100% used [0x00000007a6ab0000, 0x00000007a8000000, 0x00000007a8000000)
  to   space 21824K,   0% used [0x00000007a5560000, 0x00000007a5560000, 0x00000007a6ab0000)
 concurrent mark-sweep generation total 393216K, used 81002K [0x00000007a8000000, 0x00000007c0000000, 0x00000007c0000000)
 Metaspace       used 35310K, capacity 36192K, committed 36452K, reserved 1081344K
  class space    used 4170K, capacity 4426K, committed 4452K, reserved 1048576K
2019-07-28T04:03:49.854-0900: 4017.974: [GC (Allocation Failure) 2019-07-28T04:03:49.854-0900: 4017.975: [ParNew
Desired survivor size 20112992 bytes, new threshold 8 (max 8)
- age   1:     998432 bytes,     998432 total
- age   2:    2547048 bytes,    3545480 total
- age   3:    3377176 bytes,    6922656 total
- age   4:    3929448 bytes,   10852104 total
- age   5:    2360952 bytes,   13213056 total
- age   6:    1933872 bytes,   15146928 total
- age   7:     139968 bytes,   15286896 total
- age   8:     218336 bytes,   15505232 total
: 109248K->21824K(109248K), 0.0116404 secs] 190250K->105663K(502464K), 0.0121703 secs] [Times: user=0.03 sys=0.01, real=0.01 secs] 
Heap after GC invocations=20 (full 1):
 par new generation   total 109248K, used 21824K [0x00000007a0000000, 0x00000007a8000000, 0x00000007a8000000)
  eden space 87424K,   0% used [0x00000007a0000000, 0x00000007a0000000, 0x00000007a5560000)
  from space 21824K, 100% used [0x00000007a5560000, 0x00000007a6ab0000, 0x00000007a6ab0000)
  to   space 21824K,   0% used [0x00000007a6ab0000, 0x00000007a6ab0000, 0x00000007a8000000)
 concurrent mark-sweep generation total 393216K, used 83839K [0x00000007a8000000, 0x00000007c0000000, 0x00000007c0000000)
 Metaspace       used 35310K, capacity 36192K, committed 36452K, reserved 1081344K
  class space    used 4170K, capacity 4426K, committed 4452K, reserved 1048576K
}
2019-07-28T04:03:49.866-0900: 4017.987: Total time for which application threads were stopped: 0.0123676 seconds, Stopping threads took: 0.0000144 seconds
2019-07-28T04:03:50.867-0900: 4018.988: Total time for which application threads were stopped: 0.0001128 seconds, Stopping threads took: 0.0000649 seconds
{Heap before GC invocations=20 (full 1):
 par new generation   total 109248K, used 109248K [0x00000007a0000000, 0x00000007a8000000, 0x00000007a8000000)
  eden space 87424K, 100% used [0x00000007a0000000, 0x00000007a5560000, 0x00000007a5560000)
  from space 21824K, 100% used [0x00000007a5560000, 0x00000007a6ab0000, 0x00000007a6ab0000)
  to   space 21824K,   0% used [0x00000007a6ab0000, 0x00000007a6ab0000, 0x00000007a8000000)
 concurrent mark-sweep generation total 393216K, used 83839K [0x00000007a8000000, 0x00000007c0000000, 0x00000007c0000000)
 Metaspace       used 35310K, capacity 36192K, committed 36452K, reserved 1081344K
  class space    used 4170K, capacity 4426K, committed 4452K, reserved 1048576K
2019-07-28T04:03:51.044-0900: 4019.164: [GC (Allocation Failure) 2019-07-28T04:03:51.044-0900: 4019.164: [ParNew
Desired survivor size 20112992 bytes, new threshold 7 (max 8)
- age   1:    6633952 bytes,    6633952 total
- age   2:     723384 bytes,    7357336 total
- age   3:    2211128 bytes,    9568464 total
- age   4:    3377176 bytes,   12945640 total
- age   5:    3929448 bytes,   16875088 total
- age   6:    2360952 bytes,   19236040 total
- age   7:    1933872 bytes,   21169912 total
- age   8:     139544 bytes,   21309456 total
: 109248K->21824K(109248K), 0.0075142 secs] 193087K->107105K(502464K), 0.0075936 secs] [Times: user=0.02 sys=0.01, real=0.01 secs] 
Heap after GC invocations=21 (full 1):
 par new generation   total 109248K, used 21824K [0x00000007a0000000, 0x00000007a8000000, 0x00000007a8000000)
  eden space 87424K,   0% used [0x00000007a0000000, 0x00000007a0000000, 0x00000007a5560000)
  from space 21824K, 100% used [0x00000007a6ab0000, 0x00000007a8000000, 0x00000007a8000000)
  to   space 21824K,   0% used [0x00000007a5560000, 0x00000007a5560000, 0x00000007a6ab0000)
 concurrent mark-sweep generation total 393216K, used 85281K [0x00000007a8000000, 0x00000007c0000000, 0x00000007c0000000)
 Metaspace       used 35310K, capacity 36192K, committed 36452K, reserved 1081344K
  class space    used 4170K, capacity 4426K, committed 4452K, reserved 1048576K
}
2019-07-28T04:03:51.051-0900: 4019.172: Total time for which application threads were stopped: 0.0077756 seconds, Stopping threads took: 0.0000426 seconds
{Heap before GC invocations=21 (full 1):
 par new generation   total 109248K, used 109248K [0x00000007a0000000, 0x00000007a8000000, 0x00000007a8000000)
  eden space 87424K, 100% used [0x00000007a0000000, 0x00000007a5560000, 0x00000007a5560000)
  from space 21824K, 100% used [0x00000007a6ab0000, 0x00000007a8000000, 0x00000007a8000000)
  to   space 21824K,   0% used [0x00000007a5560000, 0x00000007a5560000, 0x00000007a6ab0000)
 concurrent mark-sweep generation total 393216K, used 85281K [0x00000007a8000000, 0x00000007c0000000, 0x00000007c0000000)
 Metaspace       used 35311K, capacity 36192K, committed 36452K, reserved 1081344K
  class space    used 4170K, capacity 4426K, committed 4452K, reserved 1048576K
2019-07-28T04:03:52.343-0900: 4020.464: [GC (Allocation Failure) 2019-07-28T04:03:52.344-0900: 4020.464: [ParNew
Desired survivor size 20112992 bytes, new threshold 7 (max 8)
- age   1:    7016056 bytes,    7016056 total
- age   2:    4187784 bytes,   11203840 total
- age   3:     718024 bytes,   11921864 total
- age   4:    1691128 bytes,   13612992 total
- age   5:    1860856 bytes,   15473848 total
- age   6:    3121112 bytes,   18594960 total
- age   7:    2360952 bytes,   20955912 total
: 109248K->21824K(109248K), 0.0108311 secs] 194529K->113797K(502464K), 0.0109339 secs] [Times: user=0.03 sys=0.00, real=0.01 secs] 
Heap after GC invocations=22 (full 1):
 par new generation   total 109248K, used 21824K [0x00000007a0000000, 0x00000007a8000000, 0x00000007a8000000)
  eden space 87424K,   0% used [0x00000007a0000000, 0x00000007a0000000, 0x00000007a5560000)
  from space 21824K, 100% used [0x00000007a5560000, 0x00000007a6ab0000, 0x00000007a6ab0000)
  to   space 21824K,   0% used [0x00000007a6ab0000, 0x00000007a6ab0000, 0x00000007a8000000)
 concurrent mark-sweep generation total 393216K, used 91973K [0x00000007a8000000, 0x00000007c0000000, 0x00000007c0000000)
 Metaspace       used 35311K, capacity 36192K, committed 36452K, reserved 1081344K
  class space    used 4170K, capacity 4426K, committed 4452K, reserved 1048576K
}
2019-07-28T04:03:52.354-0900: 4020.475: Total time for which application threads were stopped: 0.0110780 seconds, Stopping threads took: 0.0000179 seconds
2019-07-28T04:03:53.355-0900: 4021.475: Total time for which application threads were stopped: 0.0000918 seconds, Stopping threads took: 0.0000395 seconds
{Heap before GC invocations=22 (full 1):
 par new generation   total 109248K, used 109248K [0x00000007a0000000, 0x00000007a8000000, 0x00000007a8000000)
  eden space 87424K, 100% used [0x00000007a0000000, 0x00000007a5560000, 0x00000007a5560000)
  from space 21824K, 100% used [0x00000007a5560000, 0x00000007a6ab0000, 0x00000007a6ab0000)
  to   space 21824K,   0% used [0x00000007a6ab0000, 0x00000007a6ab0000, 0x00000007a8000000)
 concurrent mark-sweep generation total 393216K, used 91973K [0x00000007a8000000, 0x00000007c0000000, 0x00000007c0000000)
 Metaspace       used 35311K, capacity 36192K, committed 36452K, reserved 1081344K
  class space    used 4170K, capacity 4426K, committed 4452K, reserved 1048576K
2019-07-28T04:03:53.577-0900: 4021.697: [GC (Allocation Failure) 2019-07-28T04:03:53.577-0900: 4021.697: [ParNew
Desired survivor size 20112992 bytes, new threshold 7 (max 8)
- age   1:    6677992 bytes,    6677992 total
- age   2:    4167312 bytes,   10845304 total
- age   3:    3807200 bytes,   14652504 total
- age   4:     605608 bytes,   15258112 total
- age   5:    1592776 bytes,   16850888 total
- age   6:     582280 bytes,   17433168 total
- age   7:    3121112 bytes,   20554280 total
: 109248K->21824K(109248K), 0.0111686 secs] 201221K->120122K(502464K), 0.0112587 secs] [Times: user=0.02 sys=0.00, real=0.01 secs] 
Heap after GC invocations=23 (full 1):
 par new generation   total 109248K, used 21824K [0x00000007a0000000, 0x00000007a8000000, 0x00000007a8000000)
  eden space 87424K,   0% used [0x00000007a0000000, 0x00000007a0000000, 0x00000007a5560000)
  from space 21824K, 100% used [0x00000007a6ab0000, 0x00000007a8000000, 0x00000007a8000000)
  to   space 21824K,   0% used [0x00000007a5560000, 0x00000007a5560000, 0x00000007a6ab0000)
 concurrent mark-sweep generation total 393216K, used 98298K [0x00000007a8000000, 0x00000007c0000000, 0x00000007c0000000)
 Metaspace       used 35311K, capacity 36192K, committed 36452K, reserved 1081344K
  class space    used 4170K, capacity 4426K, committed 4452K, reserved 1048576K
}
2019-07-28T04:03:53.588-0900: 4021.708: Total time for which application threads were stopped: 0.0113972 seconds, Stopping threads took: 0.0000154 seconds
{Heap before GC invocations=23 (full 1):
 par new generation   total 109248K, used 109248K [0x00000007a0000000, 0x00000007a8000000, 0x00000007a8000000)
  eden space 87424K, 100% used [0x00000007a0000000, 0x00000007a5560000, 0x00000007a5560000)
  from space 21824K, 100% used [0x00000007a6ab0000, 0x00000007a8000000, 0x00000007a8000000)
  to   space 21824K,   0% used [0x00000007a5560000, 0x00000007a5560000, 0x00000007a6ab0000)
 concurrent mark-sweep generation total 393216K, used 98298K [0x00000007a8000000, 0x00000007c0000000, 0x00000007c0000000)
 Metaspace       used 35311K, capacity 36192K, committed 36452K, reserved 1081344K
  class space    used 4170K, capacity 4426K, committed 4452K, reserved 1048576K
2019-07-28T04:03:54.796-0900: 4022.917: [GC (Allocation Failure) 2019-07-28T04:03:54.796-0900: 4022.917: [ParNew
Desired survivor size 20112992 bytes, new threshold 7 (max 8)
- age   1:    8077752 bytes,    8077752 total
- age   2:    3818160 bytes,   11895912 total
- age   3:    1713200 bytes,   13609112 total
- age   4:    3758528 bytes,   17367640 total
- age   5:     599640 bytes,   17967280 total
- age   6:    1588328 bytes,   19555608 total
- age   7:     575664 bytes,   20131272 total
: 109248K->21824K(109248K), 0.0129085 secs] 207546K->127373K(502464K), 0.0130027 secs] [Times: user=0.03 sys=0.00, real=0.01 secs] 
Heap after GC invocations=24 (full 1):
 par new generation   total 109248K, used 21824K [0x00000007a0000000, 0x00000007a8000000, 0x00000007a8000000)
  eden space 87424K,   0% used [0x00000007a0000000, 0x00000007a0000000, 0x00000007a5560000)
  from space 21824K, 100% used [0x00000007a5560000, 0x00000007a6ab0000, 0x00000007a6ab0000)
  to   space 21824K,   0% used [0x00000007a6ab0000, 0x00000007a6ab0000, 0x00000007a8000000)
 concurrent mark-sweep generation total 393216K, used 105549K [0x00000007a8000000, 0x00000007c0000000, 0x00000007c0000000)
 Metaspace       used 35311K, capacity 36192K, committed 36452K, reserved 1081344K
  class space    used 4170K, capacity 4426K, committed 4452K, reserved 1048576K
}
2019-07-28T04:03:54.809-0900: 4022.930: Total time for which application threads were stopped: 0.0131534 seconds, Stopping threads took: 0.0000166 seconds
{Heap before GC invocations=24 (full 1):
 par new generation   total 109248K, used 109248K [0x00000007a0000000, 0x00000007a8000000, 0x00000007a8000000)
  eden space 87424K, 100% used [0x00000007a0000000, 0x00000007a5560000, 0x00000007a5560000)
  from space 21824K, 100% used [0x00000007a5560000, 0x00000007a6ab0000, 0x00000007a6ab0000)
  to   space 21824K,   0% used [0x00000007a6ab0000, 0x00000007a6ab0000, 0x00000007a8000000)
 concurrent mark-sweep generation total 393216K, used 105549K [0x00000007a8000000, 0x00000007c0000000, 0x00000007c0000000)
 Metaspace       used 35311K, capacity 36192K, committed 36452K, reserved 1081344K
  class space    used 4170K, capacity 4426K, committed 4452K, reserved 1048576K
2019-07-28T04:03:56.054-0900: 4024.174: [GC (Allocation Failure) 2019-07-28T04:03:56.054-0900: 4024.174: [ParNew
Desired survivor size 20112992 bytes, new threshold 8 (max 8)
- age   1:    5169408 bytes,    5169408 total
- age   2:    3298800 bytes,    8468208 total
- age   3:    3687232 bytes,   12155440 total
- age   4:    1627296 bytes,   13782736 total
- age   5:    3724128 bytes,   17506864 total
- age   6:     544200 bytes,   18051064 total
- age   7:    1026824 bytes,   19077888 total
: 109248K->21824K(109248K), 0.0122762 secs] 214797K->133691K(502464K), 0.0123720 secs] [Times: user=0.03 sys=0.00, real=0.01 secs] 
Heap after GC invocations=25 (full 1):
 par new generation   total 109248K, used 21824K [0x00000007a0000000, 0x00000007a8000000, 0x00000007a8000000)
  eden space 87424K,   0% used [0x00000007a0000000, 0x00000007a0000000, 0x00000007a5560000)
  from space 21824K, 100% used [0x00000007a6ab0000, 0x00000007a8000000, 0x00000007a8000000)
  to   space 21824K,   0% used [0x00000007a5560000, 0x00000007a5560000, 0x00000007a6ab0000)
 concurrent mark-sweep generation total 393216K, used 111867K [0x00000007a8000000, 0x00000007c0000000, 0x00000007c0000000)
 Metaspace       used 35311K, capacity 36192K, committed 36452K, reserved 1081344K
  class space    used 4170K, capacity 4426K, committed 4452K, reserved 1048576K
}
2019-07-28T04:03:56.066-0900: 4024.187: Total time for which application threads were stopped: 0.0125791 seconds, Stopping threads took: 0.0000586 seconds
2019-07-28T04:03:56.952-0900: 4025.073: Total time for which application threads were stopped: 0.0000780 seconds, Stopping threads took: 0.0000258 seconds
2019-07-28T04:03:56.969-0900: 4025.090: Total time for which application threads were stopped: 0.0000542 seconds, Stopping threads took: 0.0000137 seconds
2019-07-28T04:03:56.996-0900: 4025.117: Total time for which application threads were stopped: 0.0001182 seconds, Stopping threads took: 0.0000155 seconds
{Heap before GC invocations=25 (full 1):
 par new generation   total 109248K, used 109248K [0x00000007a0000000, 0x00000007a8000000, 0x00000007a8000000)
  eden space 87424K, 100% used [0x00000007a0000000, 0x00000007a5560000, 0x00000007a5560000)
  from space 21824K, 100% used [0x00000007a6ab0000, 0x00000007a8000000, 0x00000007a8000000)
  to   space 21824K,   0% used [0x00000007a5560000, 0x00000007a5560000, 0x00000007a6ab0000)
 concurrent mark-sweep generation total 393216K, used 111867K [0x00000007a8000000, 0x00000007c0000000, 0x00000007c0000000)
 Metaspace       used 35318K, capacity 36192K, committed 36452K, reserved 1081344K
  class space    used 4170K, capacity 4426K, committed 4452K, reserved 1048576K
2019-07-28T04:03:57.116-0900: 4025.236: [GC (Allocation Failure) 2019-07-28T04:03:57.116-0900: 4025.236: [ParNew
Desired survivor size 20112992 bytes, new threshold 8 (max 8)
- age   1:    4286352 bytes,    4286352 total
- age   2:    4371584 bytes,    8657936 total
- age   3:    2673208 bytes,   11331144 total
- age   4:    2477128 bytes,   13808272 total
- age   5:    1466152 bytes,   15274424 total
- age   6:    3614400 bytes,   18888824 total
- age   7:     464016 bytes,   19352840 total
- age   8:     835240 bytes,   20188080 total
: 109248K->21824K(109248K), 0.0244911 secs] 221115K->136953K(502464K), 0.0245736 secs] [Times: user=0.06 sys=0.01, real=0.03 secs] 
Heap after GC invocations=26 (full 1):
 par new generation   total 109248K, used 21824K [0x00000007a0000000, 0x00000007a8000000, 0x00000007a8000000)
  eden space 87424K,   0% used [0x00000007a0000000, 0x00000007a0000000, 0x00000007a5560000)
  from space 21824K, 100% used [0x00000007a5560000, 0x00000007a6ab0000, 0x00000007a6ab0000)
  to   space 21824K,   0% used [0x00000007a6ab0000, 0x00000007a6ab0000, 0x00000007a8000000)
 concurrent mark-sweep generation total 393216K, used 115129K [0x00000007a8000000, 0x00000007c0000000, 0x00000007c0000000)
 Metaspace       used 35318K, capacity 36192K, committed 36452K, reserved 1081344K
  class space    used 4170K, capacity 4426K, committed 4452K, reserved 1048576K
}
2019-07-28T04:03:57.141-0900: 4025.261: Total time for which application threads were stopped: 0.0247750 seconds, Stopping threads took: 0.0000370 seconds
2019-07-28T04:03:57.346-0900: 4025.466: Total time for which application threads were stopped: 0.0000825 seconds, Stopping threads took: 0.0000278 seconds
2019-07-28T04:03:57.414-0900: 4025.534: Total time for which application threads were stopped: 0.0000973 seconds, Stopping threads took: 0.0000277 seconds
2019-07-28T04:03:57.414-0900: 4025.535: Total time for which application threads were stopped: 0.0000721 seconds, Stopping threads took: 0.0000265 seconds
2019-07-28T04:03:57.414-0900: 4025.535: Total time for which application threads were stopped: 0.0000442 seconds, Stopping threads took: 0.0000073 seconds
2019-07-28T04:03:57.414-0900: 4025.535: Total time for which application threads were stopped: 0.0000576 seconds, Stopping threads took: 0.0000180 seconds
2019-07-28T04:03:57.415-0900: 4025.535: Total time for which application threads were stopped: 0.0000531 seconds, Stopping threads took: 0.0000166 seconds
2019-07-28T04:03:57.415-0900: 4025.535: Total time for which application threads were stopped: 0.0000543 seconds, Stopping threads took: 0.0000175 seconds
2019-07-28T04:03:57.416-0900: 4025.536: Total time for which application threads were stopped: 0.0000712 seconds, Stopping threads took: 0.0000118 seconds
2019-07-28T04:03:57.416-0900: 4025.537: Total time for which application threads were stopped: 0.0000558 seconds, Stopping threads took: 0.0000212 seconds
2019-07-28T04:03:57.416-0900: 4025.537: Total time for which application threads were stopped: 0.0000427 seconds, Stopping threads took: 0.0000139 seconds
2019-07-28T04:03:57.416-0900: 4025.537: Total time for which application threads were stopped: 0.0000615 seconds, Stopping threads took: 0.0000247 seconds
2019-07-28T04:03:57.417-0900: 4025.537: Total time for which application threads were stopped: 0.0000490 seconds, Stopping threads took: 0.0000185 seconds
2019-07-28T04:03:57.417-0900: 4025.537: Total time for which application threads were stopped: 0.0000463 seconds, Stopping threads took: 0.0000177 seconds
2019-07-28T04:03:57.417-0900: 4025.537: Total time for which application threads were stopped: 0.0000398 seconds, Stopping threads took: 0.0000122 seconds
2019-07-28T04:03:57.417-0900: 4025.537: Total time for which application threads were stopped: 0.0000714 seconds, Stopping threads took: 0.0000430 seconds
2019-07-28T04:03:57.424-0900: 4025.544: Total time for which application threads were stopped: 0.0000724 seconds, Stopping threads took: 0.0000249 seconds
2019-07-28T04:03:57.462-0900: 4025.582: Total time for which application threads were stopped: 0.0001273 seconds, Stopping threads took: 0.0000615 seconds
2019-07-28T04:03:58.462-0900: 4026.583: Total time for which application threads were stopped: 0.0001120 seconds, Stopping threads took: 0.0000188 seconds
2019-07-28T04:07:59.500-0900: 4267.610: Total time for which application threads were stopped: 0.0000554 seconds, Stopping threads took: 0.0000178 seconds
2019-07-28T04:07:59.500-0900: 4267.610: Total time for which application threads were stopped: 0.0000500 seconds, Stopping threads took: 0.0000196 seconds
2019-07-28T04:08:00.505-0900: 4268.615: Total time for which application threads were stopped: 0.0000939 seconds, Stopping threads took: 0.0000470 seconds
2019-07-28T04:08:01.197-0900: 4269.307: Total time for which application threads were stopped: 0.0000737 seconds, Stopping threads took: 0.0000239 seconds
2019-07-28T04:08:01.199-0900: 4269.308: Total time for which application threads were stopped: 0.0000545 seconds, Stopping threads took: 0.0000127 seconds
2019-07-28T04:08:01.234-0900: 4269.344: Total time for which application threads were stopped: 0.0000840 seconds, Stopping threads took: 0.0000177 seconds
2019-07-28T04:20:35.764-0900: 5023.864: Total time for which application threads were stopped: 0.0007368 seconds, Stopping threads took: 0.0002541 seconds
2019-07-28T04:20:35.764-0900: 5023.865: Total time for which application threads were stopped: 0.0000554 seconds, Stopping threads took: 0.0000211 seconds
{Heap before GC invocations=26 (full 1):
 par new generation   total 109248K, used 109247K [0x00000007a0000000, 0x00000007a8000000, 0x00000007a8000000)
  eden space 87424K,  99% used [0x00000007a0000000, 0x00000007a555fff0, 0x00000007a5560000)
  from space 21824K, 100% used [0x00000007a5560000, 0x00000007a6ab0000, 0x00000007a6ab0000)
  to   space 21824K,   0% used [0x00000007a6ab0000, 0x00000007a6ab0000, 0x00000007a8000000)
 concurrent mark-sweep generation total 393216K, used 115129K [0x00000007a8000000, 0x00000007c0000000, 0x00000007c0000000)
 Metaspace       used 35345K, capacity 36194K, committed 36452K, reserved 1081344K
  class space    used 4171K, capacity 4427K, committed 4452K, reserved 1048576K
2019-07-28T04:20:36.064-0900: 5024.165: [GC (Allocation Failure) 2019-07-28T04:20:36.070-0900: 5024.170: [ParNew
Desired survivor size 20112992 bytes, new threshold 8 (max 8)
- age   1:    3044264 bytes,    3044264 total
- age   2:    3306696 bytes,    6350960 total
- age   3:    2797376 bytes,    9148336 total
- age   4:    1615480 bytes,   10763816 total
- age   5:    1985184 bytes,   12749000 total
- age   6:     937800 bytes,   13686800 total
- age   7:    3241544 bytes,   16928344 total
- age   8:     407160 bytes,   17335504 total
: 109247K->21824K(109248K), 0.0244252 secs] 224377K->139979K(502464K), 0.0299442 secs] [Times: user=0.04 sys=0.05, real=0.03 secs] 
Heap after GC invocations=27 (full 1):
 par new generation   total 109248K, used 21824K [0x00000007a0000000, 0x00000007a8000000, 0x00000007a8000000)
  eden space 87424K,   0% used [0x00000007a0000000, 0x00000007a0000000, 0x00000007a5560000)
  from space 21824K, 100% used [0x00000007a6ab0000, 0x00000007a8000000, 0x00000007a8000000)
  to   space 21824K,   0% used [0x00000007a5560000, 0x00000007a5560000, 0x00000007a6ab0000)
 concurrent mark-sweep generation total 393216K, used 118155K [0x00000007a8000000, 0x00000007c0000000, 0x00000007c0000000)
 Metaspace       used 35345K, capacity 36194K, committed 36452K, reserved 1081344K
  class space    used 4171K, capacity 4427K, committed 4452K, reserved 1048576K
}
2019-07-28T04:20:36.094-0900: 5024.195: Total time for which application threads were stopped: 0.0301067 seconds, Stopping threads took: 0.0000154 seconds
{Heap before GC invocations=27 (full 1):
 par new generation   total 109248K, used 109248K [0x00000007a0000000, 0x00000007a8000000, 0x00000007a8000000)
  eden space 87424K, 100% used [0x00000007a0000000, 0x00000007a5560000, 0x00000007a5560000)
  from space 21824K, 100% used [0x00000007a6ab0000, 0x00000007a8000000, 0x00000007a8000000)
  to   space 21824K,   0% used [0x00000007a5560000, 0x00000007a5560000, 0x00000007a6ab0000)
 concurrent mark-sweep generation total 393216K, used 118155K [0x00000007a8000000, 0x00000007c0000000, 0x00000007c0000000)
 Metaspace       used 35345K, capacity 36194K, committed 36452K, reserved 1081344K
  class space    used 4171K, capacity 4427K, committed 4452K, reserved 1048576K
2019-07-28T04:20:37.292-0900: 5025.392: [GC (Allocation Failure) 2019-07-28T04:20:37.292-0900: 5025.392: [ParNew
Desired survivor size 20112992 bytes, new threshold 8 (max 8)
- age   1:    5967920 bytes,    5967920 total
- age   2:    2140720 bytes,    8108640 total
- age   3:    2649912 bytes,   10758552 total
- age   4:    2797376 bytes,   13555928 total
- age   5:    1615480 bytes,   15171408 total
- age   6:    1869744 bytes,   17041152 total
- age   7:     856680 bytes,   17897832 total
- age   8:    2537464 bytes,   20435296 total
: 109248K->21824K(109248K), 0.0123888 secs] 227403K->143347K(502464K), 0.0124589 secs] [Times: user=0.03 sys=0.00, real=0.01 secs] 
Heap after GC invocations=28 (full 1):
 par new generation   total 109248K, used 21824K [0x00000007a0000000, 0x00000007a8000000, 0x00000007a8000000)
  eden space 87424K,   0% used [0x00000007a0000000, 0x00000007a0000000, 0x00000007a5560000)
  from space 21824K, 100% used [0x00000007a5560000, 0x00000007a6ab0000, 0x00000007a6ab0000)
  to   space 21824K,   0% used [0x00000007a6ab0000, 0x00000007a6ab0000, 0x00000007a8000000)
 concurrent mark-sweep generation total 393216K, used 121523K [0x00000007a8000000, 0x00000007c0000000, 0x00000007c0000000)
 Metaspace       used 35345K, capacity 36194K, committed 36452K, reserved 1081344K
  class space    used 4171K, capacity 4427K, committed 4452K, reserved 1048576K
}
2019-07-28T04:20:37.304-0900: 5025.405: Total time for which application threads were stopped: 0.0126968 seconds, Stopping threads took: 0.0000186 seconds
{Heap before GC invocations=28 (full 1):
 par new generation   total 109248K, used 109248K [0x00000007a0000000, 0x00000007a8000000, 0x00000007a8000000)
  eden space 87424K, 100% used [0x00000007a0000000, 0x00000007a5560000, 0x00000007a5560000)
  from space 21824K, 100% used [0x00000007a5560000, 0x00000007a6ab0000, 0x00000007a6ab0000)
  to   space 21824K,   0% used [0x00000007a6ab0000, 0x00000007a6ab0000, 0x00000007a8000000)
 concurrent mark-sweep generation total 393216K, used 121523K [0x00000007a8000000, 0x00000007c0000000, 0x00000007c0000000)
 Metaspace       used 35345K, capacity 36194K, committed 36452K, reserved 1081344K
  class space    used 4171K, capacity 4427K, committed 4452K, reserved 1048576K
2019-07-28T04:20:38.451-0900: 5026.551: [GC (Allocation Failure) 2019-07-28T04:20:38.451-0900: 5026.551: [ParNew
Desired survivor size 20112992 bytes, new threshold 8 (max 8)
- age   1:    4692632 bytes,    4692632 total
- age   2:    4001584 bytes,    8694216 total
- age   3:    1849976 bytes,   10544192 total
- age   4:    2649912 bytes,   13194104 total
- age   5:    2797376 bytes,   15991480 total
- age   6:    1615480 bytes,   17606960 total
- age   7:    1869744 bytes,   19476704 total
- age   8:     856680 bytes,   20333384 total
: 109248K->21824K(109248K), 0.0108088 secs] 230771K->149980K(502464K), 0.0109111 secs] [Times: user=0.03 sys=0.00, real=0.01 secs] 
Heap after GC invocations=29 (full 1):
 par new generation   total 109248K, used 21824K [0x00000007a0000000, 0x00000007a8000000, 0x00000007a8000000)
  eden space 87424K,   0% used [0x00000007a0000000, 0x00000007a0000000, 0x00000007a5560000)
  from space 21824K, 100% used [0x00000007a6ab0000, 0x00000007a8000000, 0x00000007a8000000)
  to   space 21824K,   0% used [0x00000007a5560000, 0x00000007a5560000, 0x00000007a6ab0000)
 concurrent mark-sweep generation total 393216K, used 128156K [0x00000007a8000000, 0x00000007c0000000, 0x00000007c0000000)
 Metaspace       used 35345K, capacity 36194K, committed 36452K, reserved 1081344K
  class space    used 4171K, capacity 4427K, committed 4452K, reserved 1048576K
}
2019-07-28T04:20:38.462-0900: 5026.562: Total time for which application threads were stopped: 0.0110525 seconds, Stopping threads took: 0.0000150 seconds
2019-07-28T04:20:39.466-0900: 5027.567: Total time for which application threads were stopped: 0.0001451 seconds, Stopping threads took: 0.0000976 seconds
{Heap before GC invocations=29 (full 1):
 par new generation   total 109248K, used 109248K [0x00000007a0000000, 0x00000007a8000000, 0x00000007a8000000)
  eden space 87424K, 100% used [0x00000007a0000000, 0x00000007a5560000, 0x00000007a5560000)
  from space 21824K, 100% used [0x00000007a6ab0000, 0x00000007a8000000, 0x00000007a8000000)
  to   space 21824K,   0% used [0x00000007a5560000, 0x00000007a5560000, 0x00000007a6ab0000)
 concurrent mark-sweep generation total 393216K, used 128156K [0x00000007a8000000, 0x00000007c0000000, 0x00000007c0000000)
 Metaspace       used 35345K, capacity 36194K, committed 36452K, reserved 1081344K
  class space    used 4171K, capacity 4427K, committed 4452K, reserved 1048576K
2019-07-28T04:20:39.691-0900: 5027.791: [GC (Allocation Failure) 2019-07-28T04:20:39.691-0900: 5027.791: [ParNew
Desired survivor size 20112992 bytes, new threshold 8 (max 8)
- age   1:    6185816 bytes,    6185816 total
- age   2:    1961320 bytes,    8147136 total
- age   3:    3472800 bytes,   11619936 total
- age   4:    1110256 bytes,   12730192 total
- age   5:    2466320 bytes,   15196512 total
- age   6:    2738800 bytes,   17935312 total
- age   7:    1405880 bytes,   19341192 total
- age   8:    1782488 bytes,   21123680 total
: 109248K->21824K(109248K), 0.0109967 secs] 237404K->155579K(502464K), 0.0111075 secs] [Times: user=0.03 sys=0.00, real=0.01 secs] 
Heap after GC invocations=30 (full 1):
 par new generation   total 109248K, used 21824K [0x00000007a0000000, 0x00000007a8000000, 0x00000007a8000000)
  eden space 87424K,   0% used [0x00000007a0000000, 0x00000007a0000000, 0x00000007a5560000)
  from space 21824K, 100% used [0x00000007a5560000, 0x00000007a6ab0000, 0x00000007a6ab0000)
  to   space 21824K,   0% used [0x00000007a6ab0000, 0x00000007a6ab0000, 0x00000007a8000000)
 concurrent mark-sweep generation total 393216K, used 133755K [0x00000007a8000000, 0x00000007c0000000, 0x00000007c0000000)
 Metaspace       used 35345K, capacity 36194K, committed 36452K, reserved 1081344K
  class space    used 4171K, capacity 4427K, committed 4452K, reserved 1048576K
}
2019-07-28T04:20:39.702-0900: 5027.803: Total time for which application threads were stopped: 0.0113153 seconds, Stopping threads took: 0.0000158 seconds
{Heap before GC invocations=30 (full 1):
 par new generation   total 109248K, used 109248K [0x00000007a0000000, 0x00000007a8000000, 0x00000007a8000000)
  eden space 87424K, 100% used [0x00000007a0000000, 0x00000007a5560000, 0x00000007a5560000)
  from space 21824K, 100% used [0x00000007a5560000, 0x00000007a6ab0000, 0x00000007a6ab0000)
  to   space 21824K,   0% used [0x00000007a6ab0000, 0x00000007a6ab0000, 0x00000007a8000000)
 concurrent mark-sweep generation total 393216K, used 133755K [0x00000007a8000000, 0x00000007c0000000, 0x00000007c0000000)
 Metaspace       used 35345K, capacity 36194K, committed 36452K, reserved 1081344K
  class space    used 4171K, capacity 4427K, committed 4452K, reserved 1048576K
2019-07-28T04:20:40.975-0900: 5029.076: [GC (Allocation Failure) 2019-07-28T04:20:40.975-0900: 5029.076: [ParNew
Desired survivor size 20112992 bytes, new threshold 7 (max 8)
- age   1:    4677240 bytes,    4677240 total
- age   2:    5351504 bytes,   10028744 total
- age   3:    1847240 bytes,   11875984 total
- age   4:    3333920 bytes,   15209904 total
- age   5:    1090280 bytes,   16300184 total
- age   6:    1995816 bytes,   18296000 total
- age   7:    2592576 bytes,   20888576 total
- age   8:     316112 bytes,   21204688 total
: 109248K->21824K(109248K), 0.0113331 secs] 243003K->162728K(502464K), 0.0259517 secs] [Times: user=0.03 sys=0.00, real=0.03 secs] 
Heap after GC invocations=31 (full 1):
 par new generation   total 109248K, used 21824K [0x00000007a0000000, 0x00000007a8000000, 0x00000007a8000000)
  eden space 87424K,   0% used [0x00000007a0000000, 0x00000007a0000000, 0x00000007a5560000)
  from space 21824K, 100% used [0x00000007a6ab0000, 0x00000007a8000000, 0x00000007a8000000)
  to   space 21824K,   0% used [0x00000007a5560000, 0x00000007a5560000, 0x00000007a6ab0000)
 concurrent mark-sweep generation total 393216K, used 140904K [0x00000007a8000000, 0x00000007c0000000, 0x00000007c0000000)
 Metaspace       used 35345K, capacity 36194K, committed 36452K, reserved 1081344K
  class space    used 4171K, capacity 4427K, committed 4452K, reserved 1048576K
}
2019-07-28T04:20:41.001-0900: 5029.102: Total time for which application threads were stopped: 0.0261775 seconds, Stopping threads took: 0.0000148 seconds
{Heap before GC invocations=31 (full 1):
 par new generation   total 109248K, used 109248K [0x00000007a0000000, 0x00000007a8000000, 0x00000007a8000000)
  eden space 87424K, 100% used [0x00000007a0000000, 0x00000007a5560000, 0x00000007a5560000)
  from space 21824K, 100% used [0x00000007a6ab0000, 0x00000007a8000000, 0x00000007a8000000)
  to   space 21824K,   0% used [0x00000007a5560000, 0x00000007a5560000, 0x00000007a6ab0000)
 concurrent mark-sweep generation total 393216K, used 140904K [0x00000007a8000000, 0x00000007c0000000, 0x00000007c0000000)
 Metaspace       used 35345K, capacity 36194K, committed 36452K, reserved 1081344K
  class space    used 4171K, capacity 4427K, committed 4452K, reserved 1048576K
2019-07-28T04:20:42.234-0900: 5030.335: [GC (Allocation Failure) 2019-07-28T04:20:42.240-0900: 5030.340: [ParNew
Desired survivor size 20112992 bytes, new threshold 6 (max 8)
- age   1:    6880808 bytes,    6880808 total
- age   2:    2600464 bytes,    9481272 total
- age   3:    4707504 bytes,   14188776 total
- age   4:    1733512 bytes,   15922288 total
- age   5:    3325904 bytes,   19248192 total
- age   6:    1088976 bytes,   20337168 total
- age   7:    1995816 bytes,   22332984 total
: 109248K->21824K(109248K), 0.0157068 secs] 250152K->167867K(502464K), 0.0211138 secs] [Times: user=0.04 sys=0.01, real=0.02 secs] 
Heap after GC invocations=32 (full 1):
 par new generation   total 109248K, used 21824K [0x00000007a0000000, 0x00000007a8000000, 0x00000007a8000000)
  eden space 87424K,   0% used [0x00000007a0000000, 0x00000007a0000000, 0x00000007a5560000)
  from space 21824K, 100% used [0x00000007a5560000, 0x00000007a6ab0000, 0x00000007a6ab0000)
  to   space 21824K,   0% used [0x00000007a6ab0000, 0x00000007a6ab0000, 0x00000007a8000000)
 concurrent mark-sweep generation total 393216K, used 146043K [0x00000007a8000000, 0x00000007c0000000, 0x00000007c0000000)
 Metaspace       used 35345K, capacity 36194K, committed 36452K, reserved 1081344K
  class space    used 4171K, capacity 4427K, committed 4452K, reserved 1048576K
}
2019-07-28T04:20:42.255-0900: 5030.356: Total time for which application threads were stopped: 0.0213161 seconds, Stopping threads took: 0.0000280 seconds
2019-07-28T04:20:42.868-0900: 5030.968: Total time for which application threads were stopped: 0.0001536 seconds, Stopping threads took: 0.0000301 seconds
2019-07-28T04:20:42.885-0900: 5030.985: Total time for which application threads were stopped: 0.0000926 seconds, Stopping threads took: 0.0000294 seconds
2019-07-28T04:20:42.911-0900: 5031.012: Total time for which application threads were stopped: 0.0001487 seconds, Stopping threads took: 0.0000647 seconds
2019-07-28T04:20:42.912-0900: 5031.013: Total time for which application threads were stopped: 0.0000813 seconds, Stopping threads took: 0.0000250 seconds
{Heap before GC invocations=32 (full 1):
 par new generation   total 109248K, used 109218K [0x00000007a0000000, 0x00000007a8000000, 0x00000007a8000000)
  eden space 87424K,  99% used [0x00000007a0000000, 0x00000007a5558970, 0x00000007a5560000)
  from space 21824K, 100% used [0x00000007a5560000, 0x00000007a6ab0000, 0x00000007a6ab0000)
  to   space 21824K,   0% used [0x00000007a6ab0000, 0x00000007a6ab0000, 0x00000007a8000000)
 concurrent mark-sweep generation total 393216K, used 146043K [0x00000007a8000000, 0x00000007c0000000, 0x00000007c0000000)
 Metaspace       used 35353K, capacity 36194K, committed 36452K, reserved 1081344K
  class space    used 4171K, capacity 4427K, committed 4452K, reserved 1048576K
2019-07-28T04:20:43.152-0900: 5031.252: [GC (Allocation Failure) 2019-07-28T04:20:43.152-0900: 5031.252: [ParNew
Desired survivor size 20112992 bytes, new threshold 8 (max 8)
- age   1:    1947704 bytes,    1947704 total
- age   2:    5283072 bytes,    7230776 total
- age   3:    2450216 bytes,    9680992 total
- age   4:    4539344 bytes,   14220336 total
- age   5:    1468952 bytes,   15689288 total
- age   6:    3158664 bytes,   18847952 total
: 109218K->21824K(109248K), 0.0140139 secs] 255261K->173467K(502464K), 0.0141139 secs] [Times: user=0.03 sys=0.00, real=0.01 secs] 
Heap after GC invocations=33 (full 1):
 par new generation   total 109248K, used 21824K [0x00000007a0000000, 0x00000007a8000000, 0x00000007a8000000)
  eden space 87424K,   0% used [0x00000007a0000000, 0x00000007a0000000, 0x00000007a5560000)
  from space 21824K, 100% used [0x00000007a6ab0000, 0x00000007a8000000, 0x00000007a8000000)
  to   space 21824K,   0% used [0x00000007a5560000, 0x00000007a5560000, 0x00000007a6ab0000)
 concurrent mark-sweep generation total 393216K, used 151643K [0x00000007a8000000, 0x00000007c0000000, 0x00000007c0000000)
 Metaspace       used 35353K, capacity 36194K, committed 36452K, reserved 1081344K
  class space    used 4171K, capacity 4427K, committed 4452K, reserved 1048576K
}
2019-07-28T04:20:43.166-0900: 5031.267: Total time for which application threads were stopped: 0.0144059 seconds, Stopping threads took: 0.0000203 seconds
2019-07-28T04:20:43.315-0900: 5031.416: Total time for which application threads were stopped: 0.0001114 seconds, Stopping threads took: 0.0000322 seconds
2019-07-28T04:20:43.387-0900: 5031.488: Total time for which application threads were stopped: 0.0000894 seconds, Stopping threads took: 0.0000304 seconds
2019-07-28T04:20:43.387-0900: 5031.488: Total time for which application threads were stopped: 0.0000320 seconds, Stopping threads took: 0.0000058 seconds
2019-07-28T04:20:43.387-0900: 5031.488: Total time for which application threads were stopped: 0.0000359 seconds, Stopping threads took: 0.0000156 seconds
2019-07-28T04:20:43.387-0900: 5031.488: Total time for which application threads were stopped: 0.0000427 seconds, Stopping threads took: 0.0000149 seconds
2019-07-28T04:20:43.387-0900: 5031.488: Total time for which application threads were stopped: 0.0000429 seconds, Stopping threads took: 0.0000160 seconds
2019-07-28T04:20:43.388-0900: 5031.489: Total time for which application threads were stopped: 0.0000416 seconds, Stopping threads took: 0.0000079 seconds
2019-07-28T04:20:43.388-0900: 5031.489: Total time for which application threads were stopped: 0.0000408 seconds, Stopping threads took: 0.0000067 seconds
2019-07-28T04:20:43.388-0900: 5031.489: Total time for which application threads were stopped: 0.0000339 seconds, Stopping threads took: 0.0000056 seconds
2019-07-28T04:20:43.388-0900: 5031.489: Total time for which application threads were stopped: 0.0000339 seconds, Stopping threads took: 0.0000053 seconds
2019-07-28T04:20:43.388-0900: 5031.489: Total time for which application threads were stopped: 0.0000252 seconds, Stopping threads took: 0.0000049 seconds
2019-07-28T04:20:43.392-0900: 5031.492: Total time for which application threads were stopped: 0.0000551 seconds, Stopping threads took: 0.0000112 seconds
2019-07-28T04:20:43.415-0900: 5031.515: Total time for which application threads were stopped: 0.0000763 seconds, Stopping threads took: 0.0000169 seconds
2019-07-28T04:21:00.205-0900: 5048.305: Total time for which application threads were stopped: 0.0000686 seconds, Stopping threads took: 0.0000174 seconds
2019-07-28T04:21:00.206-0900: 5048.306: Total time for which application threads were stopped: 0.0001708 seconds, Stopping threads took: 0.0000520 seconds
2019-07-28T04:21:00.240-0900: 5048.340: Total time for which application threads were stopped: 0.0001792 seconds, Stopping threads took: 0.0000381 seconds
2019-07-28T04:21:00.240-0900: 5048.340: Total time for which application threads were stopped: 0.0001062 seconds, Stopping threads took: 0.0000382 seconds
2019-07-28T04:21:00.240-0900: 5048.340: Total time for which application threads were stopped: 0.0000846 seconds, Stopping threads took: 0.0000372 seconds
2019-07-28T04:21:00.240-0900: 5048.340: Total time for which application threads were stopped: 0.0000403 seconds, Stopping threads took: 0.0000071 seconds
2019-07-28T04:21:00.240-0900: 5048.340: Total time for which application threads were stopped: 0.0000420 seconds, Stopping threads took: 0.0000056 seconds
2019-07-28T04:21:00.354-0900: 5048.454: Total time for which application threads were stopped: 0.0002711 seconds, Stopping threads took: 0.0000583 seconds
2019-07-28T04:21:00.355-0900: 5048.455: Total time for which application threads were stopped: 0.0002262 seconds, Stopping threads took: 0.0000273 seconds
2019-07-28T04:21:00.355-0900: 5048.455: Total time for which application threads were stopped: 0.0000764 seconds, Stopping threads took: 0.0000204 seconds
2019-07-28T04:21:00.355-0900: 5048.455: Total time for which application threads were stopped: 0.0000573 seconds, Stopping threads took: 0.0000171 seconds
2019-07-28T04:21:00.355-0900: 5048.455: Total time for which application threads were stopped: 0.0001547 seconds, Stopping threads took: 0.0000991 seconds
2019-07-28T04:21:01.357-0900: 5049.457: Total time for which application threads were stopped: 0.0001635 seconds, Stopping threads took: 0.0000305 seconds
2019-07-28T04:21:03.074-0900: 5051.174: Total time for which application threads were stopped: 0.0001330 seconds, Stopping threads took: 0.0000364 seconds
2019-07-28T04:21:03.105-0900: 5051.205: Total time for which application threads were stopped: 0.0001161 seconds, Stopping threads took: 0.0000193 seconds
2019-07-28T04:21:03.130-0900: 5051.230: Total time for which application threads were stopped: 0.0001262 seconds, Stopping threads took: 0.0000133 seconds
2019-07-28T04:21:03.132-0900: 5051.232: Total time for which application threads were stopped: 0.0000722 seconds, Stopping threads took: 0.0000168 seconds
2019-07-28T04:21:03.144-0900: 5051.244: Total time for which application threads were stopped: 0.0001055 seconds, Stopping threads took: 0.0000440 seconds
2019-07-28T04:21:23.225-0900: 5071.325: Total time for which application threads were stopped: 0.0000834 seconds, Stopping threads took: 0.0000270 seconds
2019-07-28T04:21:23.225-0900: 5071.325: Total time for which application threads were stopped: 0.0000466 seconds, Stopping threads took: 0.0000084 seconds
2019-07-28T04:21:23.226-0900: 5071.325: Total time for which application threads were stopped: 0.0000391 seconds, Stopping threads took: 0.0000078 seconds
2019-07-28T04:21:23.226-0900: 5071.326: Total time for which application threads were stopped: 0.0000302 seconds, Stopping threads took: 0.0000055 seconds
2019-07-28T04:21:31.239-0900: 5079.339: Total time for which application threads were stopped: 0.0001463 seconds, Stopping threads took: 0.0000381 seconds
2019-07-28T04:21:35.141-0900: 5083.241: Total time for which application threads were stopped: 0.0000824 seconds, Stopping threads took: 0.0000163 seconds
{Heap before GC invocations=33 (full 1):
 par new generation   total 109248K, used 109248K [0x00000007a0000000, 0x00000007a8000000, 0x00000007a8000000)
  eden space 87424K, 100% used [0x00000007a0000000, 0x00000007a5560000, 0x00000007a5560000)
  from space 21824K, 100% used [0x00000007a6ab0000, 0x00000007a8000000, 0x00000007a8000000)
  to   space 21824K,   0% used [0x00000007a5560000, 0x00000007a5560000, 0x00000007a6ab0000)
 concurrent mark-sweep generation total 393216K, used 151643K [0x00000007a8000000, 0x00000007c0000000, 0x00000007c0000000)
 Metaspace       used 36062K, capacity 36904K, committed 37092K, reserved 1081344K
  class space    used 4238K, capacity 4492K, committed 4580K, reserved 1048576K
2019-07-28T04:21:35.620-0900: 5083.720: [GC (Allocation Failure) 2019-07-28T04:21:35.626-0900: 5083.726: [ParNew
Desired survivor size 20112992 bytes, new threshold 8 (max 8)
- age   1:    1894320 bytes,    1894320 total
- age   2:    1735128 bytes,    3629448 total
- age   3:    5086416 bytes,    8715864 total
- age   4:    2224024 bytes,   10939888 total
- age   5:    4102432 bytes,   15042320 total
- age   6:    1099776 bytes,   16142096 total
- age   7:    2107304 bytes,   18249400 total
: 109248K->21824K(109248K), 0.0088556 secs] 260891K->174802K(502464K), 0.0142302 secs] [Times: user=0.02 sys=0.00, real=0.01 secs] 
Heap after GC invocations=34 (full 1):
 par new generation   total 109248K, used 21824K [0x00000007a0000000, 0x00000007a8000000, 0x00000007a8000000)
  eden space 87424K,   0% used [0x00000007a0000000, 0x00000007a0000000, 0x00000007a5560000)
  from space 21824K, 100% used [0x00000007a5560000, 0x00000007a6ab0000, 0x00000007a6ab0000)
  to   space 21824K,   0% used [0x00000007a6ab0000, 0x00000007a6ab0000, 0x00000007a8000000)
 concurrent mark-sweep generation total 393216K, used 152978K [0x00000007a8000000, 0x00000007c0000000, 0x00000007c0000000)
 Metaspace       used 36062K, capacity 36904K, committed 37092K, reserved 1081344K
  class space    used 4238K, capacity 4492K, committed 4580K, reserved 1048576K
}
2019-07-28T04:21:35.635-0900: 5083.735: Total time for which application threads were stopped: 0.0144295 seconds, Stopping threads took: 0.0000166 seconds
2019-07-28T04:21:35.635-0900: 5083.735: Total time for which application threads were stopped: 0.0001039 seconds, Stopping threads took: 0.0000434 seconds
2019-07-28T04:21:35.636-0900: 5083.735: Total time for which application threads were stopped: 0.0001089 seconds, Stopping threads took: 0.0000329 seconds
2019-07-28T04:21:35.636-0900: 5083.735: Total time for which application threads were stopped: 0.0000828 seconds, Stopping threads took: 0.0000283 seconds
2019-07-28T04:21:35.636-0900: 5083.736: Total time for which application threads were stopped: 0.0000594 seconds, Stopping threads took: 0.0000321 seconds
2019-07-28T04:21:36.641-0900: 5084.741: Total time for which application threads were stopped: 0.0000929 seconds, Stopping threads took: 0.0000175 seconds
2019-07-28T04:21:50.360-0900: 5098.460: Total time for which application threads were stopped: 0.0000736 seconds, Stopping threads took: 0.0000164 seconds
2019-07-28T04:21:50.362-0900: 5098.461: Total time for which application threads were stopped: 0.0001202 seconds, Stopping threads took: 0.0000481 seconds
2019-07-28T04:21:50.362-0900: 5098.461: Total time for which application threads were stopped: 0.0000593 seconds, Stopping threads took: 0.0000247 seconds
2019-07-28T04:22:00.357-0900: 5108.456: Total time for which application threads were stopped: 0.0000743 seconds, Stopping threads took: 0.0000185 seconds
2019-07-28T04:22:26.262-0900: 5134.362: Total time for which application threads were stopped: 0.0001060 seconds, Stopping threads took: 0.0000350 seconds
2019-07-28T04:22:27.263-0900: 5135.362: Total time for which application threads were stopped: 0.0000759 seconds, Stopping threads took: 0.0000246 seconds
2019-07-28T04:22:43.222-0900: 5151.321: Total time for which application threads were stopped: 0.0000581 seconds, Stopping threads took: 0.0000173 seconds
2019-07-28T04:22:43.222-0900: 5151.321: Total time for which application threads were stopped: 0.0000618 seconds, Stopping threads took: 0.0000340 seconds
2019-07-28T04:22:43.265-0900: 5151.364: Total time for which application threads were stopped: 0.0002026 seconds, Stopping threads took: 0.0001167 seconds
2019-07-28T04:22:43.331-0900: 5151.430: Total time for which application threads were stopped: 0.0001180 seconds, Stopping threads took: 0.0000374 seconds
2019-07-28T04:22:43.473-0900: 5151.572: Total time for which application threads were stopped: 0.0004973 seconds, Stopping threads took: 0.0003257 seconds
2019-07-28T04:22:43.473-0900: 5151.572: Total time for which application threads were stopped: 0.0001566 seconds, Stopping threads took: 0.0000179 seconds
2019-07-28T04:22:43.478-0900: 5151.577: Total time for which application threads were stopped: 0.0002009 seconds, Stopping threads took: 0.0001131 seconds
2019-07-28T04:22:43.479-0900: 5151.578: Total time for which application threads were stopped: 0.0001088 seconds, Stopping threads took: 0.0000347 seconds
2019-07-28T04:22:43.482-0900: 5151.581: Total time for which application threads were stopped: 0.0001891 seconds, Stopping threads took: 0.0000900 seconds
2019-07-28T04:22:43.489-0900: 5151.588: Total time for which application threads were stopped: 0.0000773 seconds, Stopping threads took: 0.0000174 seconds
2019-07-28T04:22:43.492-0900: 5151.591: Total time for which application threads were stopped: 0.0025108 seconds, Stopping threads took: 0.0000108 seconds
2019-07-28T04:22:43.499-0900: 5151.598: Total time for which application threads were stopped: 0.0002841 seconds, Stopping threads took: 0.0001666 seconds
2019-07-28T04:22:43.499-0900: 5151.598: Total time for which application threads were stopped: 0.0003204 seconds, Stopping threads took: 0.0002097 seconds
2019-07-28T04:22:43.500-0900: 5151.599: Total time for which application threads were stopped: 0.0002593 seconds, Stopping threads took: 0.0000591 seconds
2019-07-28T04:22:43.558-0900: 5151.657: Total time for which application threads were stopped: 0.0002991 seconds, Stopping threads took: 0.0001059 seconds
2019-07-28T04:22:43.559-0900: 5151.658: Total time for which application threads were stopped: 0.0001096 seconds, Stopping threads took: 0.0000420 seconds
2019-07-28T04:22:43.559-0900: 5151.658: Total time for which application threads were stopped: 0.0000862 seconds, Stopping threads took: 0.0000326 seconds
2019-07-28T04:22:43.560-0900: 5151.659: Total time for which application threads were stopped: 0.0001230 seconds, Stopping threads took: 0.0000464 seconds
2019-07-28T04:22:43.561-0900: 5151.660: Total time for which application threads were stopped: 0.0001115 seconds, Stopping threads took: 0.0000258 seconds
2019-07-28T04:22:43.561-0900: 5151.660: Total time for which application threads were stopped: 0.0000849 seconds, Stopping threads took: 0.0000091 seconds
2019-07-28T04:22:43.563-0900: 5151.662: Total time for which application threads were stopped: 0.0001937 seconds, Stopping threads took: 0.0001114 seconds
2019-07-28T04:22:43.565-0900: 5151.664: Total time for which application threads were stopped: 0.0001270 seconds, Stopping threads took: 0.0000348 seconds
2019-07-28T04:22:43.565-0900: 5151.664: Total time for which application threads were stopped: 0.0000971 seconds, Stopping threads took: 0.0000146 seconds
2019-07-28T04:22:43.565-0900: 5151.664: Total time for which application threads were stopped: 0.0001112 seconds, Stopping threads took: 0.0000447 seconds
2019-07-28T04:22:43.566-0900: 5151.665: Total time for which application threads were stopped: 0.0000895 seconds, Stopping threads took: 0.0000167 seconds
2019-07-28T04:22:43.570-0900: 5151.668: Total time for which application threads were stopped: 0.0001740 seconds, Stopping threads took: 0.0000395 seconds
2019-07-28T04:22:43.571-0900: 5151.670: Total time for which application threads were stopped: 0.0000838 seconds, Stopping threads took: 0.0000169 seconds
2019-07-28T04:22:43.571-0900: 5151.670: Total time for which application threads were stopped: 0.0001073 seconds, Stopping threads took: 0.0000337 seconds
2019-07-28T04:22:43.571-0900: 5151.670: Total time for which application threads were stopped: 0.0000919 seconds, Stopping threads took: 0.0000288 seconds
2019-07-28T04:22:43.572-0900: 5151.671: Total time for which application threads were stopped: 0.0000720 seconds, Stopping threads took: 0.0000200 seconds
2019-07-28T04:22:43.572-0900: 5151.671: Total time for which application threads were stopped: 0.0001801 seconds, Stopping threads took: 0.0000188 seconds
2019-07-28T04:22:43.573-0900: 5151.672: Total time for which application threads were stopped: 0.0001157 seconds, Stopping threads took: 0.0000270 seconds
2019-07-28T04:22:43.599-0900: 5151.698: Total time for which application threads were stopped: 0.0002072 seconds, Stopping threads took: 0.0000443 seconds
2019-07-28T04:22:43.689-0900: 5151.788: Total time for which application threads were stopped: 0.0001708 seconds, Stopping threads took: 0.0000180 seconds
2019-07-28T04:22:43.693-0900: 5151.792: Total time for which application threads were stopped: 0.0001061 seconds, Stopping threads took: 0.0000183 seconds
2019-07-28T04:22:44.145-0900: 5152.244: Total time for which application threads were stopped: 0.0001663 seconds, Stopping threads took: 0.0000762 seconds
2019-07-28T04:22:44.149-0900: 5152.248: Total time for which application threads were stopped: 0.0001573 seconds, Stopping threads took: 0.0000175 seconds
2019-07-28T04:22:44.203-0900: 5152.302: Total time for which application threads were stopped: 0.0000995 seconds, Stopping threads took: 0.0000294 seconds
2019-07-28T04:22:44.217-0900: 5152.316: Total time for which application threads were stopped: 0.0000890 seconds, Stopping threads took: 0.0000163 seconds
2019-07-28T04:22:44.217-0900: 5152.316: Total time for which application threads were stopped: 0.0000495 seconds, Stopping threads took: 0.0000072 seconds
2019-07-28T04:22:44.217-0900: 5152.316: Total time for which application threads were stopped: 0.0000645 seconds, Stopping threads took: 0.0000208 seconds
2019-07-28T04:22:44.217-0900: 5152.316: Total time for which application threads were stopped: 0.0000600 seconds, Stopping threads took: 0.0000208 seconds
2019-07-28T04:22:44.217-0900: 5152.316: Total time for which application threads were stopped: 0.0000695 seconds, Stopping threads took: 0.0000277 seconds
2019-07-28T04:22:44.418-0900: 5152.517: Total time for which application threads were stopped: 0.0000854 seconds, Stopping threads took: 0.0000271 seconds
2019-07-28T04:22:44.419-0900: 5152.518: Total time for which application threads were stopped: 0.0000583 seconds, Stopping threads took: 0.0000121 seconds
2019-07-28T04:22:44.419-0900: 5152.518: Total time for which application threads were stopped: 0.0000749 seconds, Stopping threads took: 0.0000110 seconds
2019-07-28T04:22:44.419-0900: 5152.518: Total time for which application threads were stopped: 0.0000388 seconds, Stopping threads took: 0.0000059 seconds
2019-07-28T04:22:44.420-0900: 5152.519: Total time for which application threads were stopped: 0.0000906 seconds, Stopping threads took: 0.0000059 seconds
2019-07-28T04:22:48.388-0900: 5156.487: Total time for which application threads were stopped: 0.0001305 seconds, Stopping threads took: 0.0000180 seconds
2019-07-28T04:22:48.389-0900: 5156.488: Total time for which application threads were stopped: 0.0002725 seconds, Stopping threads took: 0.0000658 seconds
2019-07-28T04:22:48.390-0900: 5156.489: Total time for which application threads were stopped: 0.0003668 seconds, Stopping threads took: 0.0002812 seconds
2019-07-28T04:22:48.392-0900: 5156.490: Total time for which application threads were stopped: 0.0013160 seconds, Stopping threads took: 0.0012130 seconds
2019-07-28T04:22:48.396-0900: 5156.494: Total time for which application threads were stopped: 0.0001166 seconds, Stopping threads took: 0.0000527 seconds
2019-07-28T04:22:48.400-0900: 5156.499: Total time for which application threads were stopped: 0.0001528 seconds, Stopping threads took: 0.0000773 seconds
2019-07-28T04:22:48.404-0900: 5156.503: Total time for which application threads were stopped: 0.0000814 seconds, Stopping threads took: 0.0000155 seconds
2019-07-28T04:22:48.405-0900: 5156.503: Total time for which application threads were stopped: 0.0001059 seconds, Stopping threads took: 0.0000260 seconds
2019-07-28T04:22:48.405-0900: 5156.504: Total time for which application threads were stopped: 0.0001697 seconds, Stopping threads took: 0.0000311 seconds
2019-07-28T04:22:48.406-0900: 5156.505: Total time for which application threads were stopped: 0.0000716 seconds, Stopping threads took: 0.0000268 seconds
2019-07-28T04:22:48.417-0900: 5156.516: Total time for which application threads were stopped: 0.0001684 seconds, Stopping threads took: 0.0000386 seconds
2019-07-28T04:22:48.417-0900: 5156.516: Total time for which application threads were stopped: 0.0001146 seconds, Stopping threads took: 0.0000689 seconds
2019-07-28T04:22:48.419-0900: 5156.518: Total time for which application threads were stopped: 0.0003392 seconds, Stopping threads took: 0.0000527 seconds
2019-07-28T04:22:48.420-0900: 5156.519: Total time for which application threads were stopped: 0.0006297 seconds, Stopping threads took: 0.0002596 seconds
2019-07-28T04:22:48.421-0900: 5156.520: Total time for which application threads were stopped: 0.0001290 seconds, Stopping threads took: 0.0000427 seconds
2019-07-28T04:22:48.421-0900: 5156.520: Total time for which application threads were stopped: 0.0002056 seconds, Stopping threads took: 0.0000462 seconds
2019-07-28T04:22:48.421-0900: 5156.520: Total time for which application threads were stopped: 0.0000620 seconds, Stopping threads took: 0.0000126 seconds
2019-07-28T04:22:48.423-0900: 5156.522: Total time for which application threads were stopped: 0.0001820 seconds, Stopping threads took: 0.0001135 seconds
2019-07-28T04:22:48.424-0900: 5156.523: Total time for which application threads were stopped: 0.0001029 seconds, Stopping threads took: 0.0000364 seconds
2019-07-28T04:22:48.448-0900: 5156.546: Total time for which application threads were stopped: 0.0000919 seconds, Stopping threads took: 0.0000174 seconds
2019-07-28T04:22:48.448-0900: 5156.547: Total time for which application threads were stopped: 0.0000586 seconds, Stopping threads took: 0.0000087 seconds
2019-07-28T04:22:48.448-0900: 5156.547: Total time for which application threads were stopped: 0.0001300 seconds, Stopping threads took: 0.0000769 seconds
2019-07-28T04:22:48.448-0900: 5156.547: Total time for which application threads were stopped: 0.0000532 seconds, Stopping threads took: 0.0000167 seconds
2019-07-28T04:22:48.448-0900: 5156.547: Total time for which application threads were stopped: 0.0000616 seconds, Stopping threads took: 0.0000191 seconds
2019-07-28T04:22:48.471-0900: 5156.570: Total time for which application threads were stopped: 0.0001891 seconds, Stopping threads took: 0.0001011 seconds
2019-07-28T04:22:48.471-0900: 5156.570: Total time for which application threads were stopped: 0.0000621 seconds, Stopping threads took: 0.0000239 seconds
2019-07-28T04:22:48.471-0900: 5156.570: Total time for which application threads were stopped: 0.0000302 seconds, Stopping threads took: 0.0000047 seconds
2019-07-28T04:22:48.471-0900: 5156.570: Total time for which application threads were stopped: 0.0000396 seconds, Stopping threads took: 0.0000123 seconds
2019-07-28T04:22:48.471-0900: 5156.570: Total time for which application threads were stopped: 0.0000258 seconds, Stopping threads took: 0.0000039 seconds
2019-07-28T04:22:50.840-0900: 5158.938: Total time for which application threads were stopped: 0.0000959 seconds, Stopping threads took: 0.0000357 seconds
2019-07-28T04:22:50.840-0900: 5158.939: Total time for which application threads were stopped: 0.0000439 seconds, Stopping threads took: 0.0000075 seconds
2019-07-28T04:22:50.840-0900: 5158.939: Total time for which application threads were stopped: 0.0000339 seconds, Stopping threads took: 0.0000073 seconds
2019-07-28T04:22:50.840-0900: 5158.939: Total time for which application threads were stopped: 0.0000357 seconds, Stopping threads took: 0.0000060 seconds
2019-07-28T04:22:50.841-0900: 5158.940: Total time for which application threads were stopped: 0.0000406 seconds, Stopping threads took: 0.0000063 seconds
2019-07-28T04:22:50.841-0900: 5158.940: Total time for which application threads were stopped: 0.0000294 seconds, Stopping threads took: 0.0000051 seconds
2019-07-28T04:22:50.841-0900: 5158.940: Total time for which application threads were stopped: 0.0000276 seconds, Stopping threads took: 0.0000055 seconds
2019-07-28T04:22:50.841-0900: 5158.940: Total time for which application threads were stopped: 0.0000366 seconds, Stopping threads took: 0.0000052 seconds
2019-07-28T04:22:50.841-0900: 5158.940: Total time for which application threads were stopped: 0.0000267 seconds, Stopping threads took: 0.0000054 seconds
2019-07-28T04:22:50.842-0900: 5158.941: Total time for which application threads were stopped: 0.0001280 seconds, Stopping threads took: 0.0000769 seconds
2019-07-28T04:22:50.902-0900: 5159.001: Total time for which application threads were stopped: 0.0001290 seconds, Stopping threads took: 0.0000499 seconds
2019-07-28T04:22:50.902-0900: 5159.001: Total time for which application threads were stopped: 0.0000806 seconds, Stopping threads took: 0.0000210 seconds
2019-07-28T04:22:50.902-0900: 5159.001: Total time for which application threads were stopped: 0.0001147 seconds, Stopping threads took: 0.0000251 seconds
2019-07-28T04:22:50.903-0900: 5159.001: Total time for which application threads were stopped: 0.0000507 seconds, Stopping threads took: 0.0000056 seconds
2019-07-28T04:22:50.903-0900: 5159.002: Total time for which application threads were stopped: 0.0000416 seconds, Stopping threads took: 0.0000045 seconds
2019-07-28T04:22:50.910-0900: 5159.009: Total time for which application threads were stopped: 0.0000979 seconds, Stopping threads took: 0.0000369 seconds
2019-07-28T04:22:50.910-0900: 5159.009: Total time for which application threads were stopped: 0.0000659 seconds, Stopping threads took: 0.0000251 seconds
2019-07-28T04:22:50.910-0900: 5159.009: Total time for which application threads were stopped: 0.0000746 seconds, Stopping threads took: 0.0000209 seconds
2019-07-28T04:22:50.910-0900: 5159.009: Total time for which application threads were stopped: 0.0000660 seconds, Stopping threads took: 0.0000357 seconds
2019-07-28T04:22:50.910-0900: 5159.009: Total time for which application threads were stopped: 0.0000507 seconds, Stopping threads took: 0.0000247 seconds
2019-07-28T04:23:13.857-0900: 5181.955: Total time for which application threads were stopped: 0.0000660 seconds, Stopping threads took: 0.0000125 seconds
2019-07-28T04:23:13.861-0900: 5181.960: Total time for which application threads were stopped: 0.0000814 seconds, Stopping threads took: 0.0000158 seconds
2019-07-28T04:23:13.862-0900: 5181.960: Total time for which application threads were stopped: 0.0000678 seconds, Stopping threads took: 0.0000223 seconds
2019-07-28T04:23:13.863-0900: 5181.962: Total time for which application threads were stopped: 0.0001030 seconds, Stopping threads took: 0.0000190 seconds
2019-07-28T04:23:13.863-0900: 5181.962: Total time for which application threads were stopped: 0.0000394 seconds, Stopping threads took: 0.0000069 seconds
2019-07-28T04:23:13.863-0900: 5181.962: Total time for which application threads were stopped: 0.0000485 seconds, Stopping threads took: 0.0000208 seconds
2019-07-28T04:23:13.864-0900: 5181.962: Total time for which application threads were stopped: 0.0000782 seconds, Stopping threads took: 0.0000430 seconds
2019-07-28T04:23:13.866-0900: 5181.964: Total time for which application threads were stopped: 0.0001178 seconds, Stopping threads took: 0.0000623 seconds
2019-07-28T04:23:13.866-0900: 5181.964: Total time for which application threads were stopped: 0.0000565 seconds, Stopping threads took: 0.0000164 seconds
2019-07-28T04:23:13.867-0900: 5181.965: Total time for which application threads were stopped: 0.0000759 seconds, Stopping threads took: 0.0000101 seconds
2019-07-28T04:23:13.867-0900: 5181.965: Total time for which application threads were stopped: 0.0000637 seconds, Stopping threads took: 0.0000232 seconds
2019-07-28T04:23:13.867-0900: 5181.966: Total time for which application threads were stopped: 0.0000537 seconds, Stopping threads took: 0.0000197 seconds
2019-07-28T04:23:13.867-0900: 5181.966: Total time for which application threads were stopped: 0.0000488 seconds, Stopping threads took: 0.0000187 seconds
2019-07-28T04:23:13.867-0900: 5181.966: Total time for which application threads were stopped: 0.0000466 seconds, Stopping threads took: 0.0000142 seconds
2019-07-28T04:23:13.867-0900: 5181.966: Total time for which application threads were stopped: 0.0000476 seconds, Stopping threads took: 0.0000179 seconds
2019-07-28T04:23:13.867-0900: 5181.966: Total time for which application threads were stopped: 0.0000471 seconds, Stopping threads took: 0.0000182 seconds
2019-07-28T04:23:13.867-0900: 5181.966: Total time for which application threads were stopped: 0.0000329 seconds, Stopping threads took: 0.0000050 seconds
2019-07-28T04:23:13.868-0900: 5181.966: Total time for which application threads were stopped: 0.0000518 seconds, Stopping threads took: 0.0000193 seconds
2019-07-28T04:23:13.868-0900: 5181.966: Total time for which application threads were stopped: 0.0000357 seconds, Stopping threads took: 0.0000054 seconds
2019-07-28T04:23:13.868-0900: 5181.967: Total time for which application threads were stopped: 0.0000595 seconds, Stopping threads took: 0.0000232 seconds
2019-07-28T04:23:13.868-0900: 5181.967: Total time for which application threads were stopped: 0.0000515 seconds, Stopping threads took: 0.0000190 seconds
2019-07-28T04:23:13.868-0900: 5181.967: Total time for which application threads were stopped: 0.0000531 seconds, Stopping threads took: 0.0000194 seconds
2019-07-28T04:23:13.879-0900: 5181.978: Total time for which application threads were stopped: 0.0008471 seconds, Stopping threads took: 0.0007824 seconds
2019-07-28T04:23:13.879-0900: 5181.978: Total time for which application threads were stopped: 0.0000428 seconds, Stopping threads took: 0.0000187 seconds
2019-07-28T04:23:13.880-0900: 5181.978: Total time for which application threads were stopped: 0.0000374 seconds, Stopping threads took: 0.0000156 seconds
2019-07-28T04:23:13.880-0900: 5181.979: Total time for which application threads were stopped: 0.0001004 seconds, Stopping threads took: 0.0000760 seconds
2019-07-28T04:23:13.880-0900: 5181.979: Total time for which application threads were stopped: 0.0000272 seconds, Stopping threads took: 0.0000065 seconds
Heap
 par new generation   total 109248K, used 93773K [0x00000007a0000000, 0x00000007a8000000, 0x00000007a8000000)
  eden space 87424K,  82% used [0x00000007a0000000, 0x00000007a4643400, 0x00000007a5560000)
  from space 21824K, 100% used [0x00000007a5560000, 0x00000007a6ab0000, 0x00000007a6ab0000)
  to   space 21824K,   0% used [0x00000007a6ab0000, 0x00000007a6ab0000, 0x00000007a8000000)
 concurrent mark-sweep generation total 393216K, used 152978K [0x00000007a8000000, 0x00000007c0000000, 0x00000007c0000000)
 Metaspace       used 36392K, capacity 37332K, committed 37604K, reserved 1083392K
  class space    used 4266K, capacity 4528K, committed 4580K, reserved 1048576K
